[    0.000000] Linux version 6.6.51-1.red80.x86_64 (mockbuild@stapel80.red-soft.ru) (gcc (GCC) 12.4.1 20240730 (RED SOFT 12.4.0-1), GNU ld version 2.40-12.red80) #1 SMP PREEMPT_DYNAMIC Sun Sep 15 22:29:03 MSK 2024
[    0.000000] Command line: BOOT_IMAGE=/vmlinuz-6.6.51-1.red80.x86_64 root=UUID=4695f49c-7341-4c43-a0ee-48a747130015 ro resume=UUID=9ab8732f-0f49-4f16-aa1b-1a8077085651 rhgb quiet
[    0.000000] BIOS-provided physical RAM map:
[    0.000000] BIOS-e820: [mem 0x0000000000000000-0x000000000009fbff] usable
[    0.000000] BIOS-e820: [mem 0x000000000009fc00-0x000000000009ffff] reserved
[    0.000000] BIOS-e820: [mem 0x00000000000e4000-0x00000000000fffff] reserved
[    0.000000] BIOS-e820: [mem 0x0000000000100000-0x00000000dff8ffff] usable
[    0.000000] BIOS-e820: [mem 0x00000000dff90000-0x00000000dff9dfff] ACPI data
[    0.000000] BIOS-e820: [mem 0x00000000dff9e000-0x00000000dffcffff] ACPI NVS
[    0.000000] BIOS-e820: [mem 0x00000000dffd0000-0x00000000dffddfff] reserved
[    0.000000] BIOS-e820: [mem 0x00000000dffe0000-0x00000000dfffffff] reserved
[    0.000000] BIOS-e820: [mem 0x00000000fee00000-0x00000000fee00fff] reserved
[    0.000000] BIOS-e820: [mem 0x00000000fff00000-0x00000000ffffffff] reserved
[    0.000000] BIOS-e820: [mem 0x0000000100000000-0x000000011fffffff] usable
[    0.000000] NX (Execute Disable) protection: active
[    0.000000] APIC: Static calls initialized
[    0.000000] SMBIOS 2.5 present.
[    0.000000] DMI: System manufacturer System Product Name/P5KPL-AM IN/ROEM/SI, BIOS 0508    05/31/2010
[    0.000000] tsc: Fast TSC calibration using PIT
[    0.000000] tsc: Detected 3000.106 MHz processor
[    0.001087] e820: update [mem 0x00000000-0x00000fff] usable ==> reserved
[    0.001091] e820: remove [mem 0x000a0000-0x000fffff] usable
[    0.001097] last_pfn = 0x120000 max_arch_pfn = 0x400000000
[    0.001104] MTRR map: 8 entries (5 fixed + 3 variable; max 21), built from 8 variable MTRRs
[    0.001107] x86/PAT: Configuration [0-7]: WB  WC  UC- UC  WB  WP  UC- WT  
[    0.002679] mtrr: your BIOS has configured an incorrect mask, fixing it.
[    0.002686] mtrr: your BIOS has configured an incorrect mask, fixing it.
[    0.002686] mtrr: your BIOS has configured an incorrect mask, fixing it.
[    0.002691] e820: update [mem 0xe0000000-0xffffffff] usable ==> reserved
[    0.002700] last_pfn = 0xdff90 max_arch_pfn = 0x400000000
[    0.012076] found SMP MP-table at [mem 0x000ff780-0x000ff78f]
[    0.012435] RAMDISK: [mem 0x35588000-0x36abbfff]
[    0.012443] ACPI: Early table checksum verification disabled
[    0.012447] ACPI: RSDP 0x00000000000FBCB0 000024 (v02 ACPIAM)
[    0.012452] ACPI: XSDT 0x00000000DFF90100 000054 (v01 A_M_I_ OEMXSDT  05001031 MSFT 00000097)
[    0.012459] ACPI: FACP 0x00000000DFF90290 0000F4 (v03 A_M_I_ OEMFACP  05001031 MSFT 00000097)
[    0.012465] ACPI: DSDT 0x00000000DFF90440 007B45 (v01 A1292  A1292000 00000000 INTL 20060113)
[    0.012469] ACPI: FACS 0x00000000DFF9E000 000040
[    0.012472] ACPI: FACS 0x00000000DFF9E000 000040
[    0.012475] ACPI: APIC 0x00000000DFF90390 00006C (v01 A_M_I_ OEMAPIC  05001031 MSFT 00000097)
[    0.012478] ACPI: MCFG 0x00000000DFF90400 00003C (v01 A_M_I_ OEMMCFG  05001031 MSFT 00000097)
[    0.012482] ACPI: OEMB 0x00000000DFF9E040 000080 (v01 A_M_I_ AMI_OEM  05001031 MSFT 00000097)
[    0.012486] ACPI: HPET 0x00000000DFF97F90 000038 (v01 A_M_I_ OEMHPET  05001031 MSFT 00000097)
[    0.012489] ACPI: GSCI 0x00000000DFF9E0C0 002024 (v01 A_M_I_ GMCHSCI  05001031 MSFT 00000097)
[    0.012492] ACPI: Reserving FACP table memory at [mem 0xdff90290-0xdff90383]
[    0.012493] ACPI: Reserving DSDT table memory at [mem 0xdff90440-0xdff97f84]
[    0.012495] ACPI: Reserving FACS table memory at [mem 0xdff9e000-0xdff9e03f]
[    0.012496] ACPI: Reserving FACS table memory at [mem 0xdff9e000-0xdff9e03f]
[    0.012497] ACPI: Reserving APIC table memory at [mem 0xdff90390-0xdff903fb]
[    0.012498] ACPI: Reserving MCFG table memory at [mem 0xdff90400-0xdff9043b]
[    0.012499] ACPI: Reserving OEMB table memory at [mem 0xdff9e040-0xdff9e0bf]
[    0.012500] ACPI: Reserving HPET table memory at [mem 0xdff97f90-0xdff97fc7]
[    0.012501] ACPI: Reserving GSCI table memory at [mem 0xdff9e0c0-0xdffa00e3]
[    0.012579] No NUMA configuration found
[    0.012580] Faking a node at [mem 0x0000000000000000-0x000000011fffffff]
[    0.012591] NODE_DATA(0) allocated [mem 0x11ffd1000-0x11fffbfff]
[    0.042746] Zone ranges:
[    0.042750]   DMA      [mem 0x0000000000001000-0x0000000000ffffff]
[    0.042755]   DMA32    [mem 0x0000000001000000-0x00000000ffffffff]
[    0.042757]   Normal   [mem 0x0000000100000000-0x000000011fffffff]
[    0.042759]   Device   empty
[    0.042760] Movable zone start for each node
[    0.042763] Early memory node ranges
[    0.042763]   node   0: [mem 0x0000000000001000-0x000000000009efff]
[    0.042765]   node   0: [mem 0x0000000000100000-0x00000000dff8ffff]
[    0.042767]   node   0: [mem 0x0000000100000000-0x000000011fffffff]
[    0.042770] Initmem setup node 0 [mem 0x0000000000001000-0x000000011fffffff]
[    0.042784] On node 0, zone DMA: 1 pages in unavailable ranges
[    0.042904] On node 0, zone DMA: 97 pages in unavailable ranges
[    0.074527] On node 0, zone Normal: 112 pages in unavailable ranges
[    0.074674] ACPI: PM-Timer IO Port: 0x808
[    0.074697] IOAPIC[0]: apic_id 4, version 32, address 0xfec00000, GSI 0-23
[    0.074702] ACPI: INT_SRC_OVR (bus 0 bus_irq 0 global_irq 2 dfl dfl)
[    0.074705] ACPI: INT_SRC_OVR (bus 0 bus_irq 9 global_irq 9 high level)
[    0.074709] ACPI: Using ACPI (MADT) for SMP configuration information
[    0.074711] ACPI: HPET id: 0x8086a201 base: 0xfed00000
[    0.074718] smpboot: Allowing 4 CPUs, 0 hotplug CPUs
[    0.074733] PM: hibernation: Registered nosave memory: [mem 0x00000000-0x00000fff]
[    0.074735] PM: hibernation: Registered nosave memory: [mem 0x0009f000-0x0009ffff]
[    0.074736] PM: hibernation: Registered nosave memory: [mem 0x000a0000-0x000e3fff]
[    0.074737] PM: hibernation: Registered nosave memory: [mem 0x000e4000-0x000fffff]
[    0.074739] PM: hibernation: Registered nosave memory: [mem 0xdff90000-0xdff9dfff]
[    0.074740] PM: hibernation: Registered nosave memory: [mem 0xdff9e000-0xdffcffff]
[    0.074741] PM: hibernation: Registered nosave memory: [mem 0xdffd0000-0xdffddfff]
[    0.074742] PM: hibernation: Registered nosave memory: [mem 0xdffde000-0xdffdffff]
[    0.074742] PM: hibernation: Registered nosave memory: [mem 0xdffe0000-0xdfffffff]
[    0.074743] PM: hibernation: Registered nosave memory: [mem 0xe0000000-0xfedfffff]
[    0.074744] PM: hibernation: Registered nosave memory: [mem 0xfee00000-0xfee00fff]
[    0.074745] PM: hibernation: Registered nosave memory: [mem 0xfee01000-0xffefffff]
[    0.074746] PM: hibernation: Registered nosave memory: [mem 0xfff00000-0xffffffff]
[    0.074748] [mem 0xe0000000-0xfedfffff] available for PCI devices
[    0.074749] Booting paravirtualized kernel on bare hardware
[    0.074753] clocksource: refined-jiffies: mask: 0xffffffff max_cycles: 0xffffffff, max_idle_ns: 1910969940391419 ns
[    0.082647] setup_percpu: NR_CPUS:8192 nr_cpumask_bits:4 nr_cpu_ids:4 nr_node_ids:1
[    0.083765] percpu: Embedded 63 pages/cpu s221184 r8192 d28672 u524288
[    0.083771] pcpu-alloc: s221184 r8192 d28672 u524288 alloc=1*2097152
[    0.083775] pcpu-alloc: [0] 0 1 2 3 
[    0.083794] Kernel command line: BOOT_IMAGE=/vmlinuz-6.6.51-1.red80.x86_64 root=UUID=4695f49c-7341-4c43-a0ee-48a747130015 ro resume=UUID=9ab8732f-0f49-4f16-aa1b-1a8077085651 rhgb quiet
[    0.083898] Unknown kernel command line parameters "rhgb BOOT_IMAGE=/vmlinuz-6.6.51-1.red80.x86_64", will be passed to user space.
[    0.085349] Dentry cache hash table entries: 524288 (order: 10, 4194304 bytes, linear)
[    0.086128] Inode-cache hash table entries: 262144 (order: 9, 2097152 bytes, linear)
[    0.086226] Fallback order for Node 0: 0 
[    0.086234] Built 1 zonelists, mobility grouping on.  Total pages: 1031825
[    0.086237] Policy zone: Normal
[    0.086240] mem auto-init: stack:off, heap alloc:on, heap free:off
[    0.086247] software IO TLB: area num 4.
[    0.185229] Memory: 3980332K/4193464K available (18432K kernel code, 3221K rwdata, 12788K rodata, 4392K init, 5456K bss, 212872K reserved, 0K cma-reserved)
[    0.192998] SLUB: HWalign=64, Order=0-3, MinObjects=0, CPUs=4, Nodes=1
[    0.193118] Kernel/User page tables isolation: enabled
[    0.193231] ftrace: allocating 51793 entries in 203 pages
[    0.204341] ftrace: allocated 203 pages with 5 groups
[    0.205545] Dynamic Preempt: voluntary
[    0.205700] rcu: Preemptible hierarchical RCU implementation.
[    0.205701] rcu: 	RCU event tracing is enabled.
[    0.205702] rcu: 	RCU restricting CPUs from NR_CPUS=8192 to nr_cpu_ids=4.
[    0.205704] 	Trampoline variant of Tasks RCU enabled.
[    0.205705] 	Rude variant of Tasks RCU enabled.
[    0.205705] 	Tracing variant of Tasks RCU enabled.
[    0.205706] rcu: RCU calculated value of scheduler-enlistment delay is 100 jiffies.
[    0.205707] rcu: Adjusting geometry for rcu_fanout_leaf=16, nr_cpu_ids=4
[    0.210943] NR_IRQS: 524544, nr_irqs: 456, preallocated irqs: 16
[    0.211170] rcu: srcu_init: Setting srcu_struct sizes based on contention.
[    0.213656] Console: colour VGA+ 80x25
[    0.213659] printk: console [tty0] enabled
[    0.213897] ACPI: Core revision 20230628
[    0.214048] clocksource: hpet: mask: 0xffffffff max_cycles: 0xffffffff, max_idle_ns: 133484882848 ns
[    0.214064] APIC: Switch to symmetric I/O mode setup
[    0.214433] ..TIMER: vector=0x30 apic1=0 pin1=2 apic2=-1 pin2=-1
[    0.219063] clocksource: tsc-early: mask: 0xffffffffffffffff max_cycles: 0x2b3ea998311, max_idle_ns: 440795342554 ns
[    0.219071] Calibrating delay loop (skipped), value calculated using timer frequency.. 6000.21 BogoMIPS (lpj=3000106)
[    0.219096] CPU0: Thermal monitoring enabled (TM2)
[    0.219109] process: using mwait in idle threads
[    0.219114] Last level iTLB entries: 4KB 128, 2MB 4, 4MB 4
[    0.219116] Last level dTLB entries: 4KB 256, 2MB 0, 4MB 32, 1GB 0
[    0.219120] Spectre V1 : Mitigation: usercopy/swapgs barriers and __user pointer sanitization
[    0.219122] Spectre V2 : Mitigation: Retpolines
[    0.219123] Spectre V2 : Spectre v2 / SpectreRSB mitigation: Filling RSB on context switch
[    0.219124] Spectre V2 : Spectre v2 / SpectreRSB : Filling RSB on VMEXIT
[    0.219125] Speculative Store Bypass: Vulnerable
[    0.219128] MDS: Vulnerable: Clear CPU buffers attempted, no microcode
[    0.219129] MMIO Stale Data: Unknown: No mitigations
[    0.219134] x86/fpu: Supporting XSAVE feature 0x001: 'x87 floating point registers'
[    0.219135] x86/fpu: Supporting XSAVE feature 0x002: 'SSE registers'
[    0.219137] x86/fpu: Enabled xstate features 0x3, context size is 576 bytes, using 'standard' format.
[    0.239270] Freeing SMP alternatives memory: 44K
[    0.239278] pid_max: default: 32768 minimum: 301
[    0.239984] LSM: initializing lsm=lockdown,capability,yama,selinux,bpf,landlock,safesetid,integrity
[    0.240263] Yama: becoming mindful.
[    0.240269] SELinux:  Initializing.
[    0.240751] LSM support for eBPF active
[    0.240753] landlock: Up and running.
[    0.241005] Mount-cache hash table entries: 8192 (order: 4, 65536 bytes, linear)
[    0.241018] Mountpoint-cache hash table entries: 8192 (order: 4, 65536 bytes, linear)
[    0.344264] smpboot: CPU0: Intel(R) Xeon(R) CPU           E5450  @ 3.00GHz (family: 0x6, model: 0x17, stepping: 0xa)
[    0.344537] RCU Tasks: Setting shift to 2 and lim to 1 rcu_task_cb_adjust=1.
[    0.344567] RCU Tasks Rude: Setting shift to 2 and lim to 1 rcu_task_cb_adjust=1.
[    0.344591] RCU Tasks Trace: Setting shift to 2 and lim to 1 rcu_task_cb_adjust=1.
[    0.344613] Performance Events: PEBS fmt0+, Core2 events, 4-deep LBR, Intel PMU driver.
[    0.344635] ... version:                2
[    0.344636] ... bit width:              40
[    0.344637] ... generic registers:      2
[    0.344637] ... value mask:             000000ffffffffff
[    0.344638] ... max period:             000000007fffffff
[    0.344639] ... fixed-purpose events:   3
[    0.344640] ... event mask:             0000000700000003
[    0.344753] signal: max sigframe size: 1520
[    0.344807] rcu: Hierarchical SRCU implementation.
[    0.344808] rcu: 	Max phase no-delay instances is 400.
[    0.345214] NMI watchdog: Enabled. Permanently consumes one hw-PMU counter.
[    0.345304] smp: Bringing up secondary CPUs ...
[    0.345492] smpboot: x86: Booting SMP configuration:
[    0.345494] .... node  #0, CPUs:      #1 #2 #3
[    0.350109] smp: Brought up 1 node, 4 CPUs
[    0.350121] smpboot: Max logical packages: 1
[    0.350128] smpboot: Total of 4 processors activated (24000.84 BogoMIPS)
[    0.352075] devtmpfs: initialized
[    0.352171] x86/mm: Memory block size: 128MB
[    0.353103] ACPI: PM: Registering ACPI NVS region [mem 0xdff9e000-0xdffcffff] (204800 bytes)
[    0.353175] clocksource: jiffies: mask: 0xffffffff max_cycles: 0xffffffff, max_idle_ns: 1911260446275000 ns
[    0.353191] futex hash table entries: 1024 (order: 4, 65536 bytes, linear)
[    0.353393] pinctrl core: initialized pinctrl subsystem
[    0.353495] PM: RTC time: 05:27:40, date: 2024-11-08
[    0.354485] NET: Registered PF_NETLINK/PF_ROUTE protocol family
[    0.354725] DMA: preallocated 512 KiB GFP_KERNEL pool for atomic allocations
[    0.354806] DMA: preallocated 512 KiB GFP_KERNEL|GFP_DMA pool for atomic allocations
[    0.354900] DMA: preallocated 512 KiB GFP_KERNEL|GFP_DMA32 pool for atomic allocations
[    0.354919] audit: initializing netlink subsys (disabled)
[    0.354931] audit: type=2000 audit(1731043659.140:1): state=initialized audit_enabled=0 res=1
[    0.355174] thermal_sys: Registered thermal governor 'fair_share'
[    0.355176] thermal_sys: Registered thermal governor 'bang_bang'
[    0.355177] thermal_sys: Registered thermal governor 'step_wise'
[    0.355178] thermal_sys: Registered thermal governor 'user_space'
[    0.355197] cpuidle: using governor menu
[    0.355273] acpiphp: ACPI Hot Plug PCI Controller Driver version: 0.5
[    0.355459] PCI: MMCONFIG for domain 0000 [bus 00-3f] at [mem 0xf0000000-0xf3ffffff] (base 0xf0000000)
[    0.355465] PCI: not using MMCONFIG
[    0.355467] PCI: Using configuration type 1 for base access
[    0.355757] kprobes: kprobe jump-optimization is enabled. All kprobes are optimized if possible.
[    0.358164] HugeTLB: registered 2.00 MiB page size, pre-allocated 0 pages
[    0.358164] HugeTLB: 28 KiB vmemmap can be freed for a 2.00 MiB page
[    0.358164] cryptd: max_cpu_qlen set to 1000
[    0.375524] raid6: sse2x4   gen() 11692 MB/s
[    0.392445] raid6: sse2x2   gen() 11188 MB/s
[    0.409282] raid6: sse2x1   gen()  9367 MB/s
[    0.409284] raid6: using algorithm sse2x4 gen() 11692 MB/s
[    0.426118] raid6: .... xor() 3743 MB/s, rmw enabled
[    0.426120] raid6: using ssse3x2 recovery algorithm
[    0.426237] ACPI: Added _OSI(Module Device)
[    0.426238] ACPI: Added _OSI(Processor Device)
[    0.426239] ACPI: Added _OSI(3.0 _SCP Extensions)
[    0.426241] ACPI: Added _OSI(Processor Aggregator Device)
[    0.429210] ACPI: 1 ACPI AML tables successfully acquired and loaded
[    0.431176] ACPI: Dynamic OEM Table Load:
[    0.431183] ACPI: SSDT 0xFFFF98C9C0931200 0001D2 (v01 AMI    CPU1PM   00000001 INTL 20060113)
[    0.431530] ACPI: Dynamic OEM Table Load:
[    0.431534] ACPI: SSDT 0xFFFF98C9C0931000 000143 (v01 AMI    CPU2PM   00000001 INTL 20060113)
[    0.431861] ACPI: Dynamic OEM Table Load:
[    0.431865] ACPI: SSDT 0xFFFF98C9C0931E00 000143 (v01 AMI    CPU3PM   00000001 INTL 20060113)
[    0.432193] ACPI: Dynamic OEM Table Load:
[    0.432197] ACPI: SSDT 0xFFFF98C9C0931600 000143 (v01 AMI    CPU4PM   00000001 INTL 20060113)
[    0.432536] ACPI: _OSC evaluated successfully for all CPUs
[    0.432615] ACPI: Interpreter enabled
[    0.432634] ACPI: PM: (supports S0 S1 S3 S4 S5)
[    0.432636] ACPI: Using IOAPIC for interrupt routing
[    0.432661] PCI: MMCONFIG for domain 0000 [bus 00-3f] at [mem 0xf0000000-0xf3ffffff] (base 0xf0000000)
[    0.433443] PCI: MMCONFIG at [mem 0xf0000000-0xf3ffffff] reserved as ACPI motherboard resource
[    0.433461] PCI: Using host bridge windows from ACPI; if necessary, use "pci=nocrs" and report a bug
[    0.433462] PCI: Using E820 reservations for host bridge windows
[    0.433602] ACPI: Enabled 13 GPEs in block 00 to 1F
[    0.438249] ACPI: PCI Root Bridge [PCI0] (domain 0000 [bus 00-ff])
[    0.438256] acpi PNP0A08:00: _OSC: OS supports [ExtendedConfig ASPM ClockPM Segments MSI EDR HPX-Type3]
[    0.438262] acpi PNP0A08:00: _OSC: OS requested [PCIeHotplug SHPCHotplug PME AER PCIeCapability LTR DPC]
[    0.438265] acpi PNP0A08:00: _OSC: platform willing to grant [PCIeHotplug SHPCHotplug PME AER PCIeCapability LTR DPC]
[    0.438266] acpi PNP0A08:00: _OSC: platform retains control of PCIe features (AE_NOT_FOUND)
[    0.438274] acpi PNP0A08:00: [Firmware Info]: MMCONFIG for domain 0000 [bus 00-3f] only partially covers this bridge
[    0.438514] PCI host bridge to bus 0000:00
[    0.438517] pci_bus 0000:00: root bus resource [io  0x0000-0x0cf7 window]
[    0.438519] pci_bus 0000:00: root bus resource [io  0x0d00-0xffff window]
[    0.438521] pci_bus 0000:00: root bus resource [mem 0x000a0000-0x000bffff window]
[    0.438522] pci_bus 0000:00: root bus resource [mem 0x000d0000-0x000dffff window]
[    0.438524] pci_bus 0000:00: root bus resource [mem 0xe0000000-0xffffffff window]
[    0.438526] pci_bus 0000:00: root bus resource [bus 00-ff]
[    0.438543] pci 0000:00:00.0: [8086:29c0] type 00 class 0x060000
[    0.438625] pci 0000:00:01.0: [8086:29c1] type 01 class 0x060400
[    0.438660] pci 0000:00:01.0: PME# supported from D0 D3hot D3cold
[    0.438777] pci 0000:00:1b.0: [8086:27d8] type 00 class 0x040300
[    0.438792] pci 0000:00:1b.0: reg 0x10: [mem 0xfcffc000-0xfcffffff 64bit]
[    0.438853] pci 0000:00:1b.0: PME# supported from D0 D3hot D3cold
[    0.438935] pci 0000:00:1c.0: [8086:27d0] type 01 class 0x060400
[    0.439006] pci 0000:00:1c.0: PME# supported from D0 D3hot D3cold
[    0.439115] pci 0000:00:1c.1: [8086:27d2] type 01 class 0x060400
[    0.439180] pci 0000:00:1c.1: PME# supported from D0 D3hot D3cold
[    0.439287] pci 0000:00:1d.0: [8086:27c8] type 00 class 0x0c0300
[    0.439320] pci 0000:00:1d.0: reg 0x20: [io  0xc480-0xc49f]
[    0.439413] pci 0000:00:1d.1: [8086:27c9] type 00 class 0x0c0300
[    0.439457] pci 0000:00:1d.1: reg 0x20: [io  0xc800-0xc81f]
[    0.439556] pci 0000:00:1d.2: [8086:27ca] type 00 class 0x0c0300
[    0.439590] pci 0000:00:1d.2: reg 0x20: [io  0xc880-0xc89f]
[    0.439690] pci 0000:00:1d.3: [8086:27cb] type 00 class 0x0c0300
[    0.439723] pci 0000:00:1d.3: reg 0x20: [io  0xcc00-0xcc1f]
[    0.439822] pci 0000:00:1d.7: [8086:27cc] type 00 class 0x0c0320
[    0.439836] pci 0000:00:1d.7: reg 0x10: [mem 0xfcffbc00-0xfcffbfff]
[    0.439901] pci 0000:00:1d.7: PME# supported from D0 D3hot D3cold
[    0.439992] pci 0000:00:1e.0: [8086:244e] type 01 class 0x060401
[    0.440119] pci 0000:00:1f.0: [8086:27b8] type 00 class 0x060100
[    0.440186] pci 0000:00:1f.0: quirk: [io  0x0800-0x087f] claimed by ICH6 ACPI/GPIO/TCO
[    0.440190] pci 0000:00:1f.0: quirk: [io  0x0480-0x04bf] claimed by ICH6 GPIO
[    0.440194] pci 0000:00:1f.0: ICH7 LPC Generic IO decode 2 PIO at 0a20 (mask 000b)
[    0.440197] pci 0000:00:1f.0: ICH7 LPC Generic IO decode 3 PIO at 0290 (mask 0007)
[    0.440322] pci 0000:00:1f.1: [8086:27df] type 00 class 0x01018a
[    0.440334] pci 0000:00:1f.1: reg 0x10: [io  0x0000-0x0007]
[    0.440342] pci 0000:00:1f.1: reg 0x14: [io  0x0000-0x0003]
[    0.440349] pci 0000:00:1f.1: reg 0x18: [io  0x08f0-0x08f7]
[    0.440356] pci 0000:00:1f.1: reg 0x1c: [io  0x08f8-0x08fb]
[    0.440363] pci 0000:00:1f.1: reg 0x20: [io  0xffa0-0xffaf]
[    0.440378] pci 0000:00:1f.1: legacy IDE quirk: reg 0x10: [io  0x01f0-0x01f7]
[    0.440379] pci 0000:00:1f.1: legacy IDE quirk: reg 0x14: [io  0x03f6]
[    0.440380] pci 0000:00:1f.1: legacy IDE quirk: reg 0x18: [io  0x0170-0x0177]
[    0.440382] pci 0000:00:1f.1: legacy IDE quirk: reg 0x1c: [io  0x0376]
[    0.440468] pci 0000:00:1f.2: [8086:27c0] type 00 class 0x01018f
[    0.440478] pci 0000:00:1f.2: reg 0x10: [io  0xc400-0xc407]
[    0.440485] pci 0000:00:1f.2: reg 0x14: [io  0xc080-0xc083]
[    0.440491] pci 0000:00:1f.2: reg 0x18: [io  0xc000-0xc007]
[    0.440496] pci 0000:00:1f.2: reg 0x1c: [io  0xbc00-0xbc03]
[    0.440502] pci 0000:00:1f.2: reg 0x20: [io  0xb880-0xb88f]
[    0.440531] pci 0000:00:1f.2: PME# supported from D3hot
[    0.440617] pci 0000:00:1f.3: [8086:27da] type 00 class 0x0c0500
[    0.440663] pci 0000:00:1f.3: reg 0x20: [io  0x0400-0x041f]
[    0.440765] pci 0000:01:00.0: [10de:128b] type 00 class 0x030000
[    0.440780] pci 0000:01:00.0: reg 0x10: [mem 0xfd000000-0xfdffffff]
[    0.440791] pci 0000:01:00.0: reg 0x14: [mem 0xe8000000-0xefffffff 64bit pref]
[    0.440803] pci 0000:01:00.0: reg 0x1c: [mem 0xe6000000-0xe7ffffff 64bit pref]
[    0.440811] pci 0000:01:00.0: reg 0x24: [io  0xdc00-0xdc7f]
[    0.440819] pci 0000:01:00.0: reg 0x30: [mem 0xfea00000-0xfea7ffff pref]
[    0.440840] pci 0000:01:00.0: Video device with shadowed ROM at [mem 0x000c0000-0x000dffff]
[    0.440907] pci 0000:01:00.0: 2.000 Gb/s available PCIe bandwidth, limited by 2.5 GT/s PCIe x1 link at 0000:00:01.0 (capable of 32.000 Gb/s with 5.0 GT/s PCIe x8 link)
[    0.440994] pci 0000:01:00.1: [10de:0e0f] type 00 class 0x040300
[    0.441008] pci 0000:01:00.1: reg 0x10: [mem 0xfeafc000-0xfeafffff]
[    0.441161] pci 0000:00:01.0: PCI bridge to [bus 01]
[    0.441164] pci 0000:00:01.0:   bridge window [io  0xd000-0xdfff]
[    0.441167] pci 0000:00:01.0:   bridge window [mem 0xfd000000-0xfeafffff]
[    0.441170] pci 0000:00:01.0:   bridge window [mem 0xe6000000-0xefffffff 64bit pref]
[    0.441206] pci 0000:00:1c.0: PCI bridge to [bus 03]
[    0.441266] pci 0000:02:00.0: [10ec:8136] type 00 class 0x020000
[    0.441287] pci 0000:02:00.0: reg 0x10: [io  0xe800-0xe8ff]
[    0.441314] pci 0000:02:00.0: reg 0x18: [mem 0xfebff000-0xfebfffff 64bit]
[    0.441345] pci 0000:02:00.0: reg 0x30: [mem 0xfebc0000-0xfebdffff pref]
[    0.441354] pci 0000:02:00.0: enabling Extended Tags
[    0.442010] pci 0000:02:00.0: supports D1 D2
[    0.442011] pci 0000:02:00.0: PME# supported from D1 D2 D3hot D3cold
[    0.442153] pci 0000:02:00.0: disabling ASPM on pre-1.1 PCIe device.  You can enable it with 'pcie_aspm=force'
[    0.442162] pci 0000:00:1c.1: PCI bridge to [bus 02]
[    0.442165] pci 0000:00:1c.1:   bridge window [io  0xe000-0xefff]
[    0.442168] pci 0000:00:1c.1:   bridge window [mem 0xfeb00000-0xfebfffff]
[    0.442185] pci_bus 0000:04: extended config space not accessible
[    0.442234] pci 0000:00:1e.0: PCI bridge to [bus 04] (subtractive decode)
[    0.442241] pci 0000:00:1e.0:   bridge window [io  0x0000-0x0cf7 window] (subtractive decode)
[    0.442243] pci 0000:00:1e.0:   bridge window [io  0x0d00-0xffff window] (subtractive decode)
[    0.442245] pci 0000:00:1e.0:   bridge window [mem 0x000a0000-0x000bffff window] (subtractive decode)
[    0.442247] pci 0000:00:1e.0:   bridge window [mem 0x000d0000-0x000dffff window] (subtractive decode)
[    0.442248] pci 0000:00:1e.0:   bridge window [mem 0xe0000000-0xffffffff window] (subtractive decode)
[    0.442865] ACPI: PCI: Interrupt link LNKA configured for IRQ 11
[    0.442908] ACPI: PCI: Interrupt link LNKB configured for IRQ 10
[    0.442949] ACPI: PCI: Interrupt link LNKC configured for IRQ 3
[    0.442995] ACPI: PCI: Interrupt link LNKD configured for IRQ 7
[    0.443036] ACPI: PCI: Interrupt link LNKE configured for IRQ 0
[    0.443037] ACPI: PCI: Interrupt link LNKE disabled
[    0.443082] ACPI: PCI: Interrupt link LNKF configured for IRQ 0
[    0.443083] ACPI: PCI: Interrupt link LNKF disabled
[    0.443124] ACPI: PCI: Interrupt link LNKG configured for IRQ 0
[    0.443125] ACPI: PCI: Interrupt link LNKG disabled
[    0.443166] ACPI: PCI: Interrupt link LNKH configured for IRQ 5
[    0.443294] iommu: Default domain type: Translated
[    0.443294] iommu: DMA domain TLB invalidation policy: lazy mode
[    0.443294] SCSI subsystem initialized
[    0.443294] libata version 3.00 loaded.
[    0.443294] ACPI: bus type USB registered
[    0.443294] usbcore: registered new interface driver usbfs
[    0.443294] usbcore: registered new interface driver hub
[    0.443294] usbcore: registered new device driver usb
[    0.443294] pps_core: LinuxPPS API ver. 1 registered
[    0.443294] pps_core: Software ver. 5.3.6 - Copyright 2005-2007 Rodolfo Giometti <giometti@linux.it>
[    0.443294] PTP clock support registered
[    0.443294] EDAC MC: Ver: 3.0.0
[    0.444339] NetLabel: Initializing
[    0.444340] NetLabel:  domain hash size = 128
[    0.444342] NetLabel:  protocols = UNLABELED CIPSOv4 CALIPSO
[    0.444358] NetLabel:  unlabeled traffic allowed by default
[    0.444363] PCI: Using ACPI for IRQ routing
[    0.445537] PCI: pci_cache_line_size set to 64 bytes
[    0.445573] e820: reserve RAM buffer [mem 0x0009fc00-0x0009ffff]
[    0.445576] e820: reserve RAM buffer [mem 0xdff90000-0xdfffffff]
[    0.445594] pci 0000:01:00.0: vgaarb: setting as boot VGA device
[    0.445594] pci 0000:01:00.0: vgaarb: bridge control possible
[    0.445594] pci 0000:01:00.0: vgaarb: VGA device added: decodes=io+mem,owns=io+mem,locks=none
[    0.445594] vgaarb: loaded
[    0.445594] hpet: 3 channels of 0 reserved for per-cpu timers
[    0.445594] hpet0: at MMIO 0xfed00000, IRQs 2, 8, 0
[    0.445594] hpet0: 3 comparators, 64-bit 14.318180 MHz counter
[    0.447112] clocksource: Switched to clocksource tsc-early
[    0.447725] VFS: Disk quotas dquot_6.6.0
[    0.447760] VFS: Dquot-cache hash table entries: 512 (order 0, 4096 bytes)
[    0.447865] pnp: PnP ACPI init
[    0.447925] system 00:00: [mem 0xfed14000-0xfed19fff] has been reserved
[    0.448139] system 00:02: [io  0x0c00-0x0c0f] has been reserved
[    0.448142] system 00:02: [io  0x0290-0x029f] has been reserved
[    0.448144] system 00:02: [io  0x0a20-0x0a2f] has been reserved
[    0.448145] system 00:02: [io  0x0a30-0x0a3f] has been reserved
[    0.448255] system 00:03: [io  0x04d0-0x04d1] has been reserved
[    0.448257] system 00:03: [io  0x0800-0x087f] has been reserved
[    0.448259] system 00:03: [io  0x0480-0x04bf] has been reserved
[    0.448261] system 00:03: [mem 0xfed1c000-0xfed1ffff] has been reserved
[    0.448263] system 00:03: [mem 0xfed20000-0xfed8ffff] has been reserved
[    0.448369] system 00:04: [mem 0xffc00000-0xffefffff] has been reserved
[    0.448475] system 00:05: [mem 0xfec00000-0xfec00fff] could not be reserved
[    0.448479] system 00:05: [mem 0xfee00000-0xfee00fff] has been reserved
[    0.448835] pnp 00:06: [dma 0 disabled]
[    0.448944] system 00:07: [mem 0xf0000000-0xf3ffffff] has been reserved
[    0.449060] pnp 00:08: disabling [mem 0x000c0000-0x000cffff] because it overlaps 0000:01:00.0 BAR 6 [mem 0x000c0000-0x000dffff]
[    0.449094] system 00:08: [mem 0x00000000-0x0009ffff] could not be reserved
[    0.449097] system 00:08: [mem 0x000e0000-0x000fffff] could not be reserved
[    0.449099] system 00:08: [mem 0x00100000-0xdfffffff] could not be reserved
[    0.449198] pnp: PnP ACPI: found 9 devices
[    0.455769] clocksource: acpi_pm: mask: 0xffffff max_cycles: 0xffffff, max_idle_ns: 2085701024 ns
[    0.455978] NET: Registered PF_INET protocol family
[    0.456117] IP idents hash table entries: 65536 (order: 7, 524288 bytes, linear)
[    0.457338] tcp_listen_portaddr_hash hash table entries: 2048 (order: 3, 32768 bytes, linear)
[    0.457409] Table-perturb hash table entries: 65536 (order: 6, 262144 bytes, linear)
[    0.457486] TCP established hash table entries: 32768 (order: 6, 262144 bytes, linear)
[    0.457728] TCP bind hash table entries: 32768 (order: 8, 1048576 bytes, linear)
[    0.457851] TCP: Hash tables configured (established 32768 bind 32768)
[    0.457915] UDP hash table entries: 2048 (order: 4, 65536 bytes, linear)
[    0.457940] UDP-Lite hash table entries: 2048 (order: 4, 65536 bytes, linear)
[    0.458068] NET: Registered PF_UNIX/PF_LOCAL protocol family
[    0.458082] NET: Registered PF_XDP protocol family
[    0.458090] pci 0000:00:1c.0: bridge window [io  0x1000-0x0fff] to [bus 03] add_size 1000
[    0.458094] pci 0000:00:1c.0: bridge window [mem 0x00100000-0x000fffff 64bit pref] to [bus 03] add_size 200000 add_align 100000
[    0.458096] pci 0000:00:1c.0: bridge window [mem 0x00100000-0x000fffff] to [bus 03] add_size 200000 add_align 100000
[    0.458099] pci 0000:00:1c.1: bridge window [mem 0x00100000-0x000fffff 64bit pref] to [bus 02] add_size 200000 add_align 100000
[    0.458110] pci 0000:00:1c.0: BAR 14: assigned [mem 0xe0000000-0xe01fffff]
[    0.458113] pci 0000:00:1c.0: BAR 15: assigned [mem 0xe0200000-0xe03fffff 64bit pref]
[    0.458116] pci 0000:00:1c.1: BAR 15: assigned [mem 0xe0400000-0xe05fffff 64bit pref]
[    0.458119] pci 0000:00:1c.0: BAR 13: assigned [io  0x1000-0x1fff]
[    0.458122] pci 0000:00:01.0: PCI bridge to [bus 01]
[    0.458125] pci 0000:00:01.0:   bridge window [io  0xd000-0xdfff]
[    0.458128] pci 0000:00:01.0:   bridge window [mem 0xfd000000-0xfeafffff]
[    0.458130] pci 0000:00:01.0:   bridge window [mem 0xe6000000-0xefffffff 64bit pref]
[    0.458133] pci 0000:00:1c.0: PCI bridge to [bus 03]
[    0.458135] pci 0000:00:1c.0:   bridge window [io  0x1000-0x1fff]
[    0.458139] pci 0000:00:1c.0:   bridge window [mem 0xe0000000-0xe01fffff]
[    0.458141] pci 0000:00:1c.0:   bridge window [mem 0xe0200000-0xe03fffff 64bit pref]
[    0.458146] pci 0000:00:1c.1: PCI bridge to [bus 02]
[    0.458148] pci 0000:00:1c.1:   bridge window [io  0xe000-0xefff]
[    0.458151] pci 0000:00:1c.1:   bridge window [mem 0xfeb00000-0xfebfffff]
[    0.458154] pci 0000:00:1c.1:   bridge window [mem 0xe0400000-0xe05fffff 64bit pref]
[    0.458158] pci 0000:00:1e.0: PCI bridge to [bus 04]
[    0.458166] pci_bus 0000:00: resource 4 [io  0x0000-0x0cf7 window]
[    0.458168] pci_bus 0000:00: resource 5 [io  0x0d00-0xffff window]
[    0.458169] pci_bus 0000:00: resource 6 [mem 0x000a0000-0x000bffff window]
[    0.458171] pci_bus 0000:00: resource 7 [mem 0x000d0000-0x000dffff window]
[    0.458172] pci_bus 0000:00: resource 8 [mem 0xe0000000-0xffffffff window]
[    0.458174] pci_bus 0000:01: resource 0 [io  0xd000-0xdfff]
[    0.458175] pci_bus 0000:01: resource 1 [mem 0xfd000000-0xfeafffff]
[    0.458177] pci_bus 0000:01: resource 2 [mem 0xe6000000-0xefffffff 64bit pref]
[    0.458179] pci_bus 0000:03: resource 0 [io  0x1000-0x1fff]
[    0.458180] pci_bus 0000:03: resource 1 [mem 0xe0000000-0xe01fffff]
[    0.458182] pci_bus 0000:03: resource 2 [mem 0xe0200000-0xe03fffff 64bit pref]
[    0.458183] pci_bus 0000:02: resource 0 [io  0xe000-0xefff]
[    0.458185] pci_bus 0000:02: resource 1 [mem 0xfeb00000-0xfebfffff]
[    0.458186] pci_bus 0000:02: resource 2 [mem 0xe0400000-0xe05fffff 64bit pref]
[    0.458188] pci_bus 0000:04: resource 4 [io  0x0000-0x0cf7 window]
[    0.458190] pci_bus 0000:04: resource 5 [io  0x0d00-0xffff window]
[    0.458191] pci_bus 0000:04: resource 6 [mem 0x000a0000-0x000bffff window]
[    0.458192] pci_bus 0000:04: resource 7 [mem 0x000d0000-0x000dffff window]
[    0.458194] pci_bus 0000:04: resource 8 [mem 0xe0000000-0xffffffff window]
[    0.458782] pci 0000:01:00.1: extending delay after power-on from D3hot to 20 msec
[    0.458819] pci 0000:01:00.1: D0 power state depends on 0000:01:00.0
[    0.458828] PCI: CLS 32 bytes, default 64
[    0.458872] PCI-DMA: Using software bounce buffering for IO (SWIOTLB)
[    0.458873] software IO TLB: mapped [mem 0x00000000dbf90000-0x00000000dff90000] (64MB)
[    0.458944] Trying to unpack rootfs image as initramfs...
[    0.462461] Initialise system trusted keyrings
[    0.462480] Key type blacklist registered
[    0.462569] workingset: timestamp_bits=36 max_order=20 bucket_order=0
[    0.462578] zbud: loaded
[    0.475769] NET: Registered PF_ALG protocol family
[    0.475792] xor: measuring software checksum speed
[    0.476378]    prefetch64-sse  : 16968 MB/sec
[    0.477063]    generic_sse     : 14420 MB/sec
[    0.477064] xor: using function: prefetch64-sse (16968 MB/sec)
[    0.477068] Key type asymmetric registered
[    0.477070] Asymmetric key parser 'x509' registered
[    0.832553] Freeing initrd memory: 21712K
[    0.837776] Block layer SCSI generic (bsg) driver version 0.4 loaded (major 244)
[    0.837870] io scheduler mq-deadline registered
[    0.837872] io scheduler kyber registered
[    0.837930] io scheduler bfq registered
[    0.839908] atomic64_test: passed for x86-64 platform with CX8 and with SSE
[    0.840461] pcieport 0000:00:1c.0: enabling device (0104 -> 0107)
[    0.840675] shpchp: Standard Hot Plug PCI Controller Driver version: 0.4
[    0.840831] input: Power Button as /devices/LNXSYSTM:00/LNXSYBUS:00/PNP0C0C:00/input/input0
[    0.840870] ACPI: button: Power Button [PWRB]
[    0.840909] input: Power Button as /devices/LNXSYSTM:00/LNXPWRBN:00/input/input1
[    0.840997] ACPI: button: Power Button [PWRF]
[    0.867079] Serial: 8250/16550 driver, 32 ports, IRQ sharing enabled
[    0.867200] 00:06: ttyS0 at I/O 0x3f8 (irq = 4, base_baud = 115200) is a 16550A
[    0.871108] Non-volatile memory driver v1.3
[    0.871110] Linux agpgart interface v0.103
[    0.872223] ehci-pci 0000:00:1d.7: EHCI Host Controller
[    0.872293] ehci-pci 0000:00:1d.7: new USB bus registered, assigned bus number 1
[    0.872305] ehci-pci 0000:00:1d.7: debug port 1
[    0.876239] ehci-pci 0000:00:1d.7: irq 23, io mem 0xfcffbc00
[    0.882507] ehci-pci 0000:00:1d.7: USB 2.0 started, EHCI 1.00
[    0.882600] usb usb1: New USB device found, idVendor=1d6b, idProduct=0002, bcdDevice= 6.06
[    0.882604] usb usb1: New USB device strings: Mfr=3, Product=2, SerialNumber=1
[    0.882607] usb usb1: Product: EHCI Host Controller
[    0.882614] usb usb1: Manufacturer: Linux 6.6.51-1.red80.x86_64 ehci_hcd
[    0.882616] usb usb1: SerialNumber: 0000:00:1d.7
[    0.882766] hub 1-0:1.0: USB hub found
[    0.882774] hub 1-0:1.0: 8 ports detected
[    0.882976] uhci_hcd 0000:00:1d.0: UHCI Host Controller
[    0.883045] uhci_hcd 0000:00:1d.0: new USB bus registered, assigned bus number 2
[    0.883051] uhci_hcd 0000:00:1d.0: detected 2 ports
[    0.883067] uhci_hcd 0000:00:1d.0: irq 23, io port 0x0000c480
[    0.883120] usb usb2: New USB device found, idVendor=1d6b, idProduct=0001, bcdDevice= 6.06
[    0.883123] usb usb2: New USB device strings: Mfr=3, Product=2, SerialNumber=1
[    0.883125] usb usb2: Product: UHCI Host Controller
[    0.883126] usb usb2: Manufacturer: Linux 6.6.51-1.red80.x86_64 uhci_hcd
[    0.883127] usb usb2: SerialNumber: 0000:00:1d.0
[    0.883247] hub 2-0:1.0: USB hub found
[    0.883254] hub 2-0:1.0: 2 ports detected
[    0.883437] uhci_hcd 0000:00:1d.1: UHCI Host Controller
[    0.883498] uhci_hcd 0000:00:1d.1: new USB bus registered, assigned bus number 3
[    0.883504] uhci_hcd 0000:00:1d.1: detected 2 ports
[    0.883531] uhci_hcd 0000:00:1d.1: irq 19, io port 0x0000c800
[    0.883578] usb usb3: New USB device found, idVendor=1d6b, idProduct=0001, bcdDevice= 6.06
[    0.883581] usb usb3: New USB device strings: Mfr=3, Product=2, SerialNumber=1
[    0.883583] usb usb3: Product: UHCI Host Controller
[    0.883584] usb usb3: Manufacturer: Linux 6.6.51-1.red80.x86_64 uhci_hcd
[    0.883585] usb usb3: SerialNumber: 0000:00:1d.1
[    0.883713] hub 3-0:1.0: USB hub found
[    0.883720] hub 3-0:1.0: 2 ports detected
[    0.883892] uhci_hcd 0000:00:1d.2: UHCI Host Controller
[    0.883967] uhci_hcd 0000:00:1d.2: new USB bus registered, assigned bus number 4
[    0.883973] uhci_hcd 0000:00:1d.2: detected 2 ports
[    0.883993] uhci_hcd 0000:00:1d.2: irq 18, io port 0x0000c880
[    0.884041] usb usb4: New USB device found, idVendor=1d6b, idProduct=0001, bcdDevice= 6.06
[    0.884043] usb usb4: New USB device strings: Mfr=3, Product=2, SerialNumber=1
[    0.884045] usb usb4: Product: UHCI Host Controller
[    0.884047] usb usb4: Manufacturer: Linux 6.6.51-1.red80.x86_64 uhci_hcd
[    0.884048] usb usb4: SerialNumber: 0000:00:1d.2
[    0.884172] hub 4-0:1.0: USB hub found
[    0.884179] hub 4-0:1.0: 2 ports detected
[    0.884344] uhci_hcd 0000:00:1d.3: UHCI Host Controller
[    0.884416] uhci_hcd 0000:00:1d.3: new USB bus registered, assigned bus number 5
[    0.884422] uhci_hcd 0000:00:1d.3: detected 2 ports
[    0.884442] uhci_hcd 0000:00:1d.3: irq 16, io port 0x0000cc00
[    0.884488] usb usb5: New USB device found, idVendor=1d6b, idProduct=0001, bcdDevice= 6.06
[    0.884491] usb usb5: New USB device strings: Mfr=3, Product=2, SerialNumber=1
[    0.884492] usb usb5: Product: UHCI Host Controller
[    0.884494] usb usb5: Manufacturer: Linux 6.6.51-1.red80.x86_64 uhci_hcd
[    0.884495] usb usb5: SerialNumber: 0000:00:1d.3
[    0.884615] hub 5-0:1.0: USB hub found
[    0.884622] hub 5-0:1.0: 2 ports detected
[    0.884783] usbcore: registered new interface driver usbserial_generic
[    0.884790] usbserial: USB Serial support registered for generic
[    0.884840] i8042: PNP: No PS/2 controller found.
[    0.884842] i8042: Probing ports directly.
[    0.885187] serio: i8042 KBD port at 0x60,0x64 irq 1
[    0.885195] serio: i8042 AUX port at 0x60,0x64 irq 12
[    0.885359] mousedev: PS/2 mouse device common for all mice
[    0.885525] rtc_cmos 00:01: RTC can wake from S4
[    0.885781] rtc_cmos 00:01: registered as rtc0
[    0.885810] rtc_cmos 00:01: setting system clock to 2024-11-08T05:27:40 UTC (1731043660)
[    0.885845] rtc_cmos 00:01: alarms up to one month, y3k, 114 bytes nvram, hpet irqs
[    0.885959] device-mapper: core: CONFIG_IMA_DISABLE_HTABLE is disabled. Duplicate IMA measurements will not be recorded in the IMA log.
[    0.885986] device-mapper: uevent: version 1.0.3
[    0.886073] device-mapper: ioctl: 4.48.0-ioctl (2023-03-01) initialised: dm-devel@redhat.com
[    0.886192] intel_pstate: CPU model not supported
[    0.886460] hid: raw HID events driver (C) Jiri Kosina
[    0.886497] usbcore: registered new interface driver usbhid
[    0.886499] usbhid: USB HID core driver
[    0.886606] drop_monitor: Initializing network drop monitor service
[    0.902366] Initializing XFRM netlink socket
[    0.902649] NET: Registered PF_INET6 protocol family
[    0.907576] Segment Routing with IPv6
[    0.907594] In-situ OAM (IOAM) with IPv6
[    0.907618] mip6: Mobile IPv6
[    0.907622] NET: Registered PF_PACKET protocol family
[    0.908187] microcode: Microcode Update Driver: v2.2.
[    0.908195] IPI shorthand broadcast: enabled
[    0.910762] sched_clock: Marking stable (907675534, 2871200)->(928965024, -18418290)
[    0.910953] registered taskstats version 1
[    0.911116] Loading compiled-in X.509 certificates
[    0.925947] Loaded X.509 cert 'Build time autogenerated kernel key: ad58e87d6b2b92443e9280aeb91eb6b0abcaa5ea'
[    0.939247] Loaded X.509 cert 'Red Soft CA: 760295dc01a3bb488e9ed6ae206936de74216776'
[    0.939269] Loaded X.509 cert 'Red Soft Driver Update Certificate: 17ec7a9100ad25bd50d311cbc4f549f5b0832f17'
[    0.955332] Loaded X.509 cert 'RED SOFT CA GOST: 3966fed1ae243af94f86889629cfc4b3898717ad'
[    0.958137] debug_vm_pgtable: [debug_vm_pgtable         ]: Validating architecture page table helpers
[    1.326492] Key type .fscrypt registered
[    1.326500] Key type fscrypt-provisioning registered
[    1.328793] Btrfs loaded, zoned=yes, fsverity=yes
[    1.332822] Key type encrypted registered
[    1.332848] ima: No TPM chip found, activating TPM-bypass!
[    1.332858] Loading compiled-in module X.509 certificates
[    1.333765] Loaded X.509 cert 'Build time autogenerated kernel key: ad58e87d6b2b92443e9280aeb91eb6b0abcaa5ea'
[    1.333769] ima: Allocated hash algorithm: sha256
[    1.333785] ima: No architecture policies found
[    1.333806] evm: Initialising EVM extended attributes:
[    1.333807] evm: security.selinux
[    1.333809] evm: security.SMACK64 (disabled)
[    1.333810] evm: security.SMACK64EXEC (disabled)
[    1.333811] evm: security.SMACK64TRANSMUTE (disabled)
[    1.333811] evm: security.SMACK64MMAP (disabled)
[    1.333812] evm: security.apparmor (disabled)
[    1.333813] evm: security.ima
[    1.333814] evm: security.capability
[    1.333815] evm: HMAC attrs: 0x1
[    1.345884] alg: No test for 842 (842-scomp)
[    1.345983] alg: No test for 842 (842-generic)
[    1.461891] tsc: Refined TSC clocksource calibration: 2999.999 MHz
[    1.461902] clocksource: tsc: mask: 0xffffffffffffffff max_cycles: 0x2b3e44b2357, max_idle_ns: 440795324996 ns
[    1.461932] clocksource: Switched to clocksource tsc
[    1.496360] PM:   Magic number: 0:87:466
[    1.496614] RAS: Correctable Errors collector initialized.
[    1.496705] clk: Disabling unused clocks
[    1.498977] Freeing unused decrypted memory: 2028K
[    1.500176] Freeing unused kernel image (initmem) memory: 4392K
[    1.500225] Write protecting the kernel read-only data: 32768k
[    1.501016] Freeing unused kernel image (rodata/data gap) memory: 1548K
[    1.546761] x86/mm: Checked W+X mappings: passed, no W+X pages found.
[    1.546767] rodata_test: all tests were successful
[    1.546791] x86/mm: Checking user space page tables
[    1.591178] x86/mm: Checked W+X mappings: passed, no W+X pages found.
[    1.591206] Run /init as init process
[    1.591208]   with arguments:
[    1.591209]     /init
[    1.591210]     rhgb
[    1.591211]   with environment:
[    1.591212]     HOME=/
[    1.591213]     TERM=linux
[    1.591214]     BOOT_IMAGE=/vmlinuz-6.6.51-1.red80.x86_64
[    1.601174] systemd[1]: systemd 251.20-1.red80 running in system mode (+PAM +AUDIT +SELINUX -APPARMOR +IMA +SMACK +SECCOMP -GCRYPT +GNUTLS +OPENSSL +ACL +BLKID +CURL +ELFUTILS +FIDO2 +IDN2 -IDN -IPTC +KMOD +LIBCRYPTSETUP +LIBFDISK +PCRE2 +PWQUALITY +P11KIT +QRENCODE +TPM2 +BZIP2 +LZ4 +XZ +ZLIB +ZSTD +BPF_FRAMEWORK +XKBCOMMON +UTMP +SYSVINIT default-hierarchy=unified)
[    1.601183] systemd[1]: Detected architecture x86-64.
[    1.601186] systemd[1]: Running in initial RAM disk.
[    1.601239] systemd[1]: No hostname configured, using default hostname.
[    1.601328] systemd[1]: Hostname set to <localhost>.
[    1.617409] systemd[1]: Failed to open libbpf, cgroup BPF features disabled: Operation not supported
[    1.632905] usb 3-1: new full-speed USB device number 2 using uhci_hcd
[    1.695329] systemd[1]: Queued start job for default target initrd.target.
[    1.707969] systemd[1]: Created slice system-systemd\x2dhibernate\x2dresume.slice - Slice /system/systemd-hibernate-resume.
[    1.708071] systemd[1]: Reached target initrd-usr-fs.target - Initrd /usr File System.
[    1.708107] systemd[1]: Reached target slices.target - Slice Units.
[    1.708134] systemd[1]: Reached target swap.target - Swaps.
[    1.708155] systemd[1]: Reached target timers.target - Timer Units.
[    1.708462] systemd[1]: Listening on systemd-journald-audit.socket - Journal Audit Socket.
[    1.708619] systemd[1]: Listening on systemd-journald-dev-log.socket - Journal Socket (/dev/log).
[    1.708771] systemd[1]: Listening on systemd-journald.socket - Journal Socket.
[    1.708952] systemd[1]: Listening on systemd-udevd-control.socket - udev Control Socket.
[    1.709062] systemd[1]: Listening on systemd-udevd-kernel.socket - udev Kernel Socket.
[    1.709084] systemd[1]: Reached target sockets.target - Socket Units.
[    1.710210] systemd[1]: Starting kmod-static-nodes.service - Create List of Static Device Nodes...
[    1.712141] systemd[1]: Starting systemd-journald.service - Journal Service...
[    1.713312] systemd[1]: Starting systemd-modules-load.service - Load Kernel Modules...
[    1.714405] systemd[1]: Starting systemd-vconsole-setup.service - Setup Virtual Console...
[    1.715237] systemd[1]: Finished kmod-static-nodes.service - Create List of Static Device Nodes.
[    1.716718] systemd[1]: Starting systemd-tmpfiles-setup-dev.service - Create Static Device Nodes in /dev...
[    1.723275] systemd[1]: Finished systemd-modules-load.service - Load Kernel Modules.
[    1.724800] systemd[1]: Starting systemd-sysctl.service - Apply Kernel Variables...
[    1.726062] systemd[1]: Finished systemd-tmpfiles-setup-dev.service - Create Static Device Nodes in /dev.
[    1.726292] audit: type=1130 audit(1731043661.339:2): pid=1 uid=0 auid=4294967295 ses=4294967295 subj=kernel msg='unit=systemd-tmpfiles-setup-dev comm="systemd" exe="/usr/lib/systemd/systemd" hostname=? addr=? terminal=? res=success'
[    1.733881] systemd[1]: Finished systemd-sysctl.service - Apply Kernel Variables.
[    1.733956] audit: type=1130 audit(1731043661.347:3): pid=1 uid=0 auid=4294967295 ses=4294967295 subj=kernel msg='unit=systemd-sysctl comm="systemd" exe="/usr/lib/systemd/systemd" hostname=? addr=? terminal=? res=success'
[    1.764000] systemd[1]: Finished systemd-vconsole-setup.service - Setup Virtual Console.
[    1.764073] audit: type=1130 audit(1731043661.377:4): pid=1 uid=0 auid=4294967295 ses=4294967295 subj=kernel msg='unit=systemd-vconsole-setup comm="systemd" exe="/usr/lib/systemd/systemd" hostname=? addr=? terminal=? res=success'
[    1.764225] systemd[1]: dracut-cmdline-ask.service - dracut ask for additional cmdline parameters was skipped because all trigger condition checks failed.
[    1.774065] systemd[1]: Starting dracut-cmdline.service - dracut cmdline hook...
[    1.774217] systemd[1]: Started systemd-journald.service - Journal Service.
[    1.774381] audit: type=1130 audit(1731043661.387:5): pid=1 uid=0 auid=4294967295 ses=4294967295 subj=kernel msg='unit=systemd-journald comm="systemd" exe="/usr/lib/systemd/systemd" hostname=? addr=? terminal=? res=success'
[    1.811904] usb 3-1: New USB device found, idVendor=046d, idProduct=c52b, bcdDevice=24.11
[    1.811912] usb 3-1: New USB device strings: Mfr=1, Product=2, SerialNumber=0
[    1.811914] usb 3-1: Product: USB Receiver
[    1.811916] usb 3-1: Manufacturer: Logitech
[    1.820212] input: Logitech USB Receiver as /devices/pci0000:00/0000:00:1d.1/usb3/3-1/3-1:1.0/0003:046D:C52B.0001/input/input5
[    1.826961] audit: type=1130 audit(1731043661.440:6): pid=1 uid=0 auid=4294967295 ses=4294967295 subj=kernel msg='unit=dracut-cmdline comm="systemd" exe="/usr/lib/systemd/systemd" hostname=? addr=? terminal=? res=success'
[    1.827723] audit: type=1334 audit(1731043661.440:7): prog-id=6 op=LOAD
[    1.827795] audit: type=1334 audit(1731043661.440:8): prog-id=7 op=LOAD
[    1.871129] audit: type=1130 audit(1731043661.484:9): pid=1 uid=0 auid=4294967295 ses=4294967295 subj=kernel msg='unit=systemd-udevd comm="systemd" exe="/usr/lib/systemd/systemd" hostname=? addr=? terminal=? res=success'
[    1.906069] hid-generic 0003:046D:C52B.0001: input,hidraw0: USB HID v1.11 Keyboard [Logitech USB Receiver] on usb-0000:00:1d.1-1/input0
[    1.911456] input: Logitech USB Receiver Mouse as /devices/pci0000:00/0000:00:1d.1/usb3/3-1/3-1:1.1/0003:046D:C52B.0002/input/input6
[    1.911812] input: Logitech USB Receiver Consumer Control as /devices/pci0000:00/0000:00:1d.1/usb3/3-1/3-1:1.1/0003:046D:C52B.0002/input/input7
[    1.963075] input: Logitech USB Receiver System Control as /devices/pci0000:00/0000:00:1d.1/usb3/3-1/3-1:1.1/0003:046D:C52B.0002/input/input8
[    1.963262] hid-generic 0003:046D:C52B.0002: input,hiddev96,hidraw1: USB HID v1.11 Mouse [Logitech USB Receiver] on usb-0000:00:1d.1-1/input1
[    1.967396] hid-generic 0003:046D:C52B.0003: hiddev97,hidraw2: USB HID v1.11 Device [Logitech USB Receiver] on usb-0000:00:1d.1-1/input2
[    2.085789] audit: type=1130 audit(1731043661.698:10): pid=1 uid=0 auid=4294967295 ses=4294967295 subj=kernel msg='unit=modprobe@configfs comm="systemd" exe="/usr/lib/systemd/systemd" hostname=? addr=? terminal=? res=success'
[    2.126681] logitech-djreceiver 0003:046D:C52B.0003: hiddev96,hidraw0: USB HID v1.11 Device [Logitech USB Receiver] on usb-0000:00:1d.1-1/input2
[    2.226122] ata_piix 0000:00:1f.1: version 2.13
[    2.227472] scsi host0: ata_piix
[    2.228532] scsi host1: ata_piix
[    2.228578] ata1: PATA max UDMA/100 cmd 0x1f0 ctl 0x3f6 bmdma 0xffa0 irq 14
[    2.228580] ata2: PATA max UDMA/100 cmd 0x170 ctl 0x376 bmdma 0xffa8 irq 15
[    2.228781] ata_piix 0000:00:1f.2: MAP [ P0 P2 P1 P3 ]
[    2.240183] input: Logitech Wireless Device PID:4090 Mouse as /devices/pci0000:00/0000:00:1d.1/usb3/3-1/3-1:1.2/0003:046D:C52B.0003/0003:046D:4090.0004/input/input10
[    2.245333] hid-generic 0003:046D:4090.0004: input,hidraw1: USB HID v1.11 Mouse [Logitech Wireless Device PID:4090] on usb-0000:00:1d.1-1/input2:1
[    2.249420] scsi host2: ata_piix
[    2.254812] scsi host3: ata_piix
[    2.254870] ata3: SATA max UDMA/133 cmd 0xc400 ctl 0xc080 bmdma 0xb880 irq 19
[    2.254906] ata4: SATA max UDMA/133 cmd 0xc000 ctl 0xbc00 bmdma 0xb888 irq 19
[    2.429111] ata3.00: ATAPI: Optiarc DVD RW AD-5240S, 1.03, max UDMA/100
[    2.429209] ata3.01: supports DRM functions and may not be fully accessible
[    2.429212] ata3.01: ATA-11: Samsung SSD 860 EVO 1TB, RVT04B6Q, max UDMA/133
[    2.429216] ata3.01: 1953525168 sectors, multi 1: LBA48 NCQ (depth 0/32)
[    2.435733] ata3.01: Features: Trust Dev-Sleep
[    2.442642] ata3.01: supports DRM functions and may not be fully accessible
[    2.451810] scsi 2:0:0:0: CD-ROM            Optiarc  DVD RW AD-5240S  1.03 PQ: 0 ANSI: 5
[    2.480507] sr 2:0:0:0: [sr0] scsi3-mmc drive: 48x/48x writer cd/rw xa/form2 cdda tray
[    2.480511] cdrom: Uniform CD-ROM driver Revision: 3.20
[    2.494906] sr 2:0:0:0: Attached scsi CD-ROM sr0
[    2.495095] sr 2:0:0:0: Attached scsi generic sg0 type 5
[    2.502963] scsi 2:0:1:0: Direct-Access     ATA      Samsung SSD 860  4B6Q PQ: 0 ANSI: 5
[    2.503304] ata3.01: Enabling discard_zeroes_data
[    2.503320] sd 2:0:1:0: [sda] 1953525168 512-byte logical blocks: (1.00 TB/932 GiB)
[    2.503337] sd 2:0:1:0: Attached scsi generic sg1 type 0
[    2.503371] sd 2:0:1:0: [sda] Write Protect is off
[    2.503376] sd 2:0:1:0: [sda] Mode Sense: 00 3a 00 00
[    2.503433] sd 2:0:1:0: [sda] Write cache: enabled, read cache: enabled, doesn't support DPO or FUA
[    2.503474] sd 2:0:1:0: [sda] Preferred minimum I/O size 512 bytes
[    2.503729] ata3.01: Enabling discard_zeroes_data
[    2.505647]  sda: sda1 sda2 sda3 sda4 sda5
[    2.506979] sd 2:0:1:0: [sda] supports TCG Opal
[    2.506982] sd 2:0:1:0: [sda] Attached SCSI disk
[    2.644886] usb 3-2: new full-speed USB device number 3 using uhci_hcd
[    2.813899] usb 3-2: New USB device found, idVendor=046d, idProduct=c548, bcdDevice= 5.03
[    2.813909] usb 3-2: New USB device strings: Mfr=1, Product=2, SerialNumber=0
[    2.813912] usb 3-2: Product: USB Receiver
[    2.813914] usb 3-2: Manufacturer: Logitech
[    2.822343] input: Logitech USB Receiver as /devices/pci0000:00/0000:00:1d.1/usb3/3-2/3-2:1.0/0003:046D:C548.0005/input/input14
[    2.909082] hid-generic 0003:046D:C548.0005: input,hidraw2: USB HID v1.11 Keyboard [Logitech USB Receiver] on usb-0000:00:1d.1-2/input0
[    2.912472] input: Logitech USB Receiver Mouse as /devices/pci0000:00/0000:00:1d.1/usb3/3-2/3-2:1.1/0003:046D:C548.0006/input/input15
[    2.912839] input: Logitech USB Receiver Consumer Control as /devices/pci0000:00/0000:00:1d.1/usb3/3-2/3-2:1.1/0003:046D:C548.0006/input/input16
[    2.961439] PM: Image not found (code -22)
[    2.964168] input: Logitech USB Receiver System Control as /devices/pci0000:00/0000:00:1d.1/usb3/3-2/3-2:1.1/0003:046D:C548.0006/input/input17
[    2.964246] input: Logitech USB Receiver as /devices/pci0000:00/0000:00:1d.1/usb3/3-2/3-2:1.1/0003:046D:C548.0006/input/input18
[    2.964376] hid-generic 0003:046D:C548.0006: input,hiddev97,hidraw3: USB HID v1.11 Mouse [Logitech USB Receiver] on usb-0000:00:1d.1-2/input1
[    2.967307] hid-generic 0003:046D:C548.0007: hiddev98,hidraw4: USB HID v1.11 Device [Logitech USB Receiver] on usb-0000:00:1d.1-2/input2
[    2.970808] input: Logitech USB Receiver as /devices/pci0000:00/0000:00:1d.1/usb3/3-2/3-2:1.3/0003:046D:C548.0008/input/input19
[    2.971223] hid-generic 0003:046D:C548.0008: input,hidraw5: USB HID v1.11 Device [Logitech USB Receiver] on usb-0000:00:1d.1-2/input3
[    2.996976] input: Logitech USB Receiver as /devices/pci0000:00/0000:00:1d.1/usb3/3-2/3-2:1.3/0003:046D:C548.0008/input/input20
[    3.005595] hid-multitouch 0003:046D:C548.0008: input,hidraw1: USB HID v1.11 Device [Logitech USB Receiver] on usb-0000:00:1d.1-2/input3
[    3.010124] EXT4-fs (sda4): mounted filesystem 4695f49c-7341-4c43-a0ee-48a747130015 ro with ordered data mode. Quota mode: none.
[    3.014024] input: Logitech MX Anywhere 3 as /devices/pci0000:00/0000:00:1d.1/usb3/3-1/3-1:1.2/0003:046D:C52B.0003/0003:046D:4090.0004/input/input21
[    3.014210] logitech-hidpp-device 0003:046D:4090.0004: input,hidraw5: USB HID v1.11 Mouse [Logitech MX Anywhere 3] on usb-0000:00:1d.1-1/input2:1
[    3.028262] systemd[1]: memfd_create() called without MFD_EXEC or MFD_NOEXEC_SEAL set
[    3.612093] systemd-journald[208]: Received SIGTERM from PID 1 (systemd).
[    3.822594] SELinux:  policy capability network_peer_controls=1
[    3.822603] SELinux:  policy capability open_perms=1
[    3.822604] SELinux:  policy capability extended_socket_class=1
[    3.822605] SELinux:  policy capability always_check_network=0
[    3.822606] SELinux:  policy capability cgroup_seclabel=1
[    3.822607] SELinux:  policy capability nnp_nosuid_transition=1
[    3.822608] SELinux:  policy capability genfs_seclabel_symlinks=1
[    3.822608] SELinux:  policy capability ioctl_skip_cloexec=0
[    3.864999] systemd[1]: Successfully loaded SELinux policy in 108.970ms.
[    3.989525] systemd[1]: Relabelled /dev, /dev/shm, /run, /sys/fs/cgroup in 106.540ms.
[    3.995534] systemd[1]: systemd 251.20-1.red80 running in system mode (+PAM +AUDIT +SELINUX -APPARMOR +IMA +SMACK +SECCOMP -GCRYPT +GNUTLS +OPENSSL +ACL +BLKID +CURL +ELFUTILS +FIDO2 +IDN2 -IDN -IPTC +KMOD +LIBCRYPTSETUP +LIBFDISK +PCRE2 +PWQUALITY +P11KIT +QRENCODE +TPM2 +BZIP2 +LZ4 +XZ +ZLIB +ZSTD +BPF_FRAMEWORK +XKBCOMMON +UTMP +SYSVINIT default-hierarchy=unified)
[    3.995543] systemd[1]: Detected architecture x86-64.
[    4.233914] systemd[1]: bpf-lsm: LSM BPF program attached
[    4.336530] block sda: the capability attribute has been deprecated.
[    4.336752] systemd-gpt-auto-generator[387]: Failed to dissect: Permission denied
[    4.483888] random: crng init done
[    4.520882] zram: Added device: zram0
[    4.521601] (sd-executor)[375]: /usr/lib/systemd/system-generators/systemd-gpt-auto-generator failed with exit status 1.
[    5.044870] systemd[1]: initrd-switch-root.service: Deactivated successfully.
[    5.055037] systemd[1]: Stopped initrd-switch-root.service - Switch Root.
[    5.055708] systemd[1]: systemd-journald.service: Scheduled restart job, restart counter is at 1.
[    5.056229] systemd[1]: Created slice system-getty.slice - Slice /system/getty.
[    5.056704] systemd[1]: Created slice system-setup\x2dcyrfont.slice - Slice /system/setup-cyrfont.
[    5.057197] systemd[1]: Created slice system-sshd\x2dkeygen.slice - Slice /system/sshd-keygen.
[    5.057684] systemd[1]: Created slice system-systemd\x2dfsck.slice - Slice /system/systemd-fsck.
[    5.058182] systemd[1]: Created slice system-systemd\x2dzram\x2dsetup.slice - Slice /system/systemd-zram-setup.
[    5.058698] systemd[1]: Created slice user.slice - User and Session Slice.
[    5.058765] systemd[1]: systemd-ask-password-console.path - Dispatch Password Requests to Console Directory Watch was skipped because of a failed condition check (ConditionPathExists=!/run/plymouth/pid).
[    5.058938] systemd[1]: Started systemd-ask-password-wall.path - Forward Password Requests to Wall Directory Watch.
[    5.059496] systemd[1]: Set up automount proc-sys-fs-binfmt_misc.automount - Arbitrary Executable File Formats File System Automount Point.
[    5.059584] systemd[1]: Reached target cryptsetup.target - Local Encrypted Volumes.
[    5.059642] systemd[1]: Reached target getty.target - Login Prompts.
[    5.059705] systemd[1]: Stopped target initrd-switch-root.target - Switch Root.
[    5.059761] systemd[1]: Stopped target initrd-fs.target - Initrd File Systems.
[    5.059806] systemd[1]: Stopped target initrd-root-fs.target - Initrd Root File System.
[    5.059856] systemd[1]: Reached target integritysetup.target - Local Integrity Protected Volumes.
[    5.059960] systemd[1]: Reached target nss-user-lookup.target - User and Group Name Lookups.
[    5.060031] systemd[1]: Reached target slices.target - Slice Units.
[    5.060095] systemd[1]: Reached target veritysetup.target - Local Verity Protected Volumes.
[    5.060692] systemd[1]: Listening on dm-event.socket - Device-mapper event daemon FIFOs.
[    5.062215] systemd[1]: Listening on lvm2-lvmpolld.socket - LVM2 poll daemon socket.
[    5.079637] systemd[1]: Listening on rpcbind.socket - RPCbind Server Activation Socket.
[    5.079774] systemd[1]: Reached target rpcbind.target - RPC Port Mapper.
[    5.082414] systemd[1]: Listening on systemd-coredump.socket - Process Core Dump Socket.
[    5.082626] systemd[1]: Listening on systemd-initctl.socket - initctl Compatibility Named Pipe.
[    5.083531] systemd[1]: Listening on systemd-udevd-control.socket - udev Control Socket.
[    5.083968] systemd[1]: Listening on systemd-udevd-kernel.socket - udev Kernel Socket.
[    5.084383] systemd[1]: Listening on systemd-userdbd.socket - User Database Manager Socket.
[    5.086344] systemd[1]: Mounting dev-hugepages.mount - Huge Pages File System...
[    5.088171] systemd[1]: Mounting dev-mqueue.mount - POSIX Message Queue File System...
[    5.090038] systemd[1]: Mounting sys-kernel-debug.mount - Kernel Debug File System...
[    5.092069] systemd[1]: Mounting sys-kernel-tracing.mount - Kernel Trace File System...
[    5.092357] systemd[1]: auth-rpcgss-module.service - Kernel Module supporting RPCSEC_GSS was skipped because of a failed condition check (ConditionPathExists=/etc/krb5.keytab).
[    5.094543] systemd[1]: Starting kmod-static-nodes.service - Create List of Static Device Nodes...
[    5.096116] systemd[1]: Starting lvm2-monitor.service - Monitoring of LVM2 mirrors, snapshots etc. using dmeventd or progress polling...
[    5.098290] systemd[1]: Starting modprobe@configfs.service - Load Kernel Module configfs...
[    5.100001] systemd[1]: Starting modprobe@dm_mod.service - Load Kernel Module dm_mod...
[    5.102518] systemd[1]: Starting modprobe@drm.service - Load Kernel Module drm...
[    5.104854] systemd[1]: Starting modprobe@fuse.service - Load Kernel Module fuse...
[    5.107259] systemd[1]: Starting modprobe@loop.service - Load Kernel Module loop...
[    5.109272] systemd[1]: Starting nfs-convert.service - Preprocess NFS configuration convertion...
[    5.109823] systemd[1]: plymouth-switch-root.service: Deactivated successfully.
[    5.116071] systemd[1]: Stopped plymouth-switch-root.service - Plymouth switch root service.
[    5.116749] systemd[1]: Stopped systemd-journald.service - Journal Service.
[    5.119917] systemd[1]: Starting systemd-journald.service - Journal Service...
[    5.124757] loop: module loaded
[    5.127597] systemd[1]: Starting systemd-modules-load.service - Load Kernel Modules...
[    5.129802] systemd[1]: Starting systemd-network-generator.service - Generate network units from Kernel command line...
[    5.132788] systemd[1]: Starting systemd-remount-fs.service - Remount Root and Kernel File Systems...
[    5.134738] systemd[1]: Starting systemd-udev-trigger.service - Coldplug All udev Devices...
[    5.138996] systemd[1]: Mounted dev-hugepages.mount - Huge Pages File System.
[    5.139511] systemd[1]: Mounted dev-mqueue.mount - POSIX Message Queue File System.
[    5.139964] systemd[1]: Mounted sys-kernel-debug.mount - Kernel Debug File System.
[    5.140336] systemd[1]: Mounted sys-kernel-tracing.mount - Kernel Trace File System.
[    5.172236] systemd[1]: Finished kmod-static-nodes.service - Create List of Static Device Nodes.
[    5.173086] systemd[1]: Started systemd-journald.service - Journal Service.
[    5.173678] ACPI: bus type drm_connector registered
[    5.174246] fuse: init (API version 7.39)
[    5.176532] EXT4-fs (sda4): re-mounted 4695f49c-7341-4c43-a0ee-48a747130015 r/w. Quota mode: none.
[    5.275154] systemd-journald[419]: Received client request to flush runtime journal.
[    5.376258] kauditd_printk_skb: 114 callbacks suppressed
[    5.376265] audit: type=1130 audit(1731043664.989:123): pid=1 uid=0 auid=4294967295 ses=4294967295 subj=system_u:system_r:init_t:s0 msg='unit=systemd-tmpfiles-setup-dev comm="systemd" exe="/usr/lib/systemd/systemd" hostname=? addr=? terminal=? res=success'
[    5.377861] audit: type=1334 audit(1731043664.990:124): prog-id=39 op=LOAD
[    5.377922] audit: type=1334 audit(1731043664.991:125): prog-id=40 op=LOAD
[    5.377948] audit: type=1334 audit(1731043664.991:126): prog-id=8 op=UNLOAD
[    5.377965] audit: type=1334 audit(1731043664.991:127): prog-id=9 op=UNLOAD
[    5.434313] audit: type=1130 audit(1731043665.047:128): pid=1 uid=0 auid=4294967295 ses=4294967295 subj=system_u:system_r:init_t:s0 msg='unit=systemd-udev-trigger comm="systemd" exe="/usr/lib/systemd/systemd" hostname=? addr=? terminal=? res=success'
[    5.466173] audit: type=1130 audit(1731043665.079:129): pid=1 uid=0 auid=4294967295 ses=4294967295 subj=system_u:system_r:init_t:s0 msg='unit=systemd-journal-flush comm="systemd" exe="/usr/lib/systemd/systemd" hostname=? addr=? terminal=? res=success'
[    5.491847] audit: type=1130 audit(1731043665.104:130): pid=1 uid=0 auid=4294967295 ses=4294967295 subj=system_u:system_r:init_t:s0 msg='unit=systemd-udevd comm="systemd" exe="/usr/lib/systemd/systemd" hostname=? addr=? terminal=? res=success'
[    5.527891] audit: type=1130 audit(1731043665.140:131): pid=1 uid=0 auid=4294967295 ses=4294967295 subj=system_u:system_r:init_t:s0 msg='unit=modprobe@configfs comm="systemd" exe="/usr/lib/systemd/systemd" hostname=? addr=? terminal=? res=success'
[    5.527905] audit: type=1131 audit(1731043665.140:132): pid=1 uid=0 auid=4294967295 ses=4294967295 subj=system_u:system_r:init_t:s0 msg='unit=modprobe@configfs comm="systemd" exe="/usr/lib/systemd/systemd" hostname=? addr=? terminal=? res=success'
[    5.554770] zram0: detected capacity change from 0 to 8019968
[    5.646351] Adding 4009980k swap on /dev/zram0.  Priority:100 extents:1 across:4009980k SSDsc
[    5.890422] i801_smbus 0000:00:1f.3: SMBus using PCI interrupt
[    5.890487] i2c i2c-0: 2/2 memory slots populated (from DMI)
[    5.892369] i2c i2c-0: Successfully instantiated SPD at 0x50
[    5.892939] intel_rng: FWH not detected
[    5.925095] Adding 4142076k swap on /dev/sda3.  Priority:-2 extents:1 across:4142076k SS
[    5.931767] r8169 0000:02:00.0: can't disable ASPM; OS doesn't have ASPM control
[    5.953126] r8169 0000:02:00.0 eth0: RTL8101e/RTL8100e, 90:e6:ba:bc:3d:f3, XID b42, IRQ 17
[    5.987598] leds_ss4200: no LED devices found
[    6.060994] input: PC Speaker as /devices/platform/pcspkr/input/input22
[    6.091551] EXT4-fs (sda2): mounted filesystem 8b4a2843-ec70-480f-9cf7-64d8699e9782 r/w with ordered data mode. Quota mode: none.
[    6.117186] EXT4-fs (sda5): mounted filesystem 8b5ff8bb-d533-447e-bd93-04dc74adac37 r/w with ordered data mode. Quota mode: none.
[    6.218225] iTCO_vendor_support: vendor-support=0
[    6.218756] at24 0-0050: supply vcc not found, using dummy regulator
[    6.219207] gpio_ich gpio_ich.2.auto: GPIO from 512 to 561
[    6.223279] r8169 0000:02:00.0 enp2s0: renamed from eth0
[    6.227259] at24 0-0050: 256 byte spd EEPROM, read-only
[    6.241246] iTCO_wdt iTCO_wdt.1.auto: Found a ICH7 or ICH7R TCO device (Version=2, TCOBASE=0x0860)
[    6.241692] iTCO_wdt iTCO_wdt.1.auto: initialized. heartbeat=30 sec (nowayout=0)
[    6.272697] snd_hda_intel 0000:01:00.1: Disabling MSI
[    6.272718] snd_hda_intel 0000:01:00.1: Handle vga_switcheroo audio client
[    6.294908] intel_powerclamp: No package C-state available
[    6.309561] input: HDA NVidia HDMI/DP,pcm=3 as /devices/pci0000:00/0000:00:01.0/0000:01:00.1/sound/card1/input23
[    6.309653] input: HDA NVidia HDMI/DP,pcm=7 as /devices/pci0000:00/0000:00:01.0/0000:01:00.1/sound/card1/input24
[    6.309717] input: HDA NVidia HDMI/DP,pcm=8 as /devices/pci0000:00/0000:00:01.0/0000:01:00.1/sound/card1/input25
[    6.309786] input: HDA NVidia HDMI/DP,pcm=9 as /devices/pci0000:00/0000:00:01.0/0000:01:00.1/sound/card1/input26
[    6.320370] snd_hda_codec_via hdaudioC0D0: autoconfig for VT1705: line_outs=1 (0x1c/0x0/0x0/0x0/0x0) type:line
[    6.320380] snd_hda_codec_via hdaudioC0D0:    speaker_outs=0 (0x0/0x0/0x0/0x0/0x0)
[    6.320383] snd_hda_codec_via hdaudioC0D0:    hp_outs=1 (0x1d/0x0/0x0/0x0/0x0)
[    6.320385] snd_hda_codec_via hdaudioC0D0:    mono: mono_out=0x0
[    6.320386] snd_hda_codec_via hdaudioC0D0:    inputs:
[    6.320388] snd_hda_codec_via hdaudioC0D0:      Rear Mic=0x1a
[    6.320390] snd_hda_codec_via hdaudioC0D0:      Front Mic=0x1e
[    6.320391] snd_hda_codec_via hdaudioC0D0:      Line=0x1b
[    6.331701] input: HDA Intel Rear Mic as /devices/pci0000:00/0000:00:1b.0/sound/card0/input27
[    6.332252] input: HDA Intel Front Mic as /devices/pci0000:00/0000:00:1b.0/sound/card0/input28
[    6.332412] input: HDA Intel Line as /devices/pci0000:00/0000:00:1b.0/sound/card0/input29
[    6.332486] input: HDA Intel Line Out as /devices/pci0000:00/0000:00:1b.0/sound/card0/input30
[    6.332548] input: HDA Intel Front Headphone as /devices/pci0000:00/0000:00:1b.0/sound/card0/input31
[    6.489301] RPC: Registered named UNIX socket transport module.
[    6.489310] RPC: Registered udp transport module.
[    6.489311] RPC: Registered tcp transport module.
[    6.489313] RPC: Registered tcp-with-tls transport module.
[    6.489314] RPC: Registered tcp NFSv4.1 backchannel transport module.
[    6.726198] nvidia: loading out-of-tree module taints kernel.
[    6.726216] nvidia: module license 'NVIDIA' taints kernel.
[    6.726217] Disabling lock debugging due to kernel taint
[    6.726221] nvidia: module verification failed: signature and/or required key missing - tainting kernel
[    6.726222] nvidia: module license taints kernel.
[    7.210031] nvidia-nvlink: Nvlink Core is being initialized, major device number 239

[    7.212345] nvidia 0000:01:00.0: vgaarb: VGA decodes changed: olddecodes=io+mem,decodes=none:owns=io+mem
[    7.354446] RTL8201CP Ethernet r8169-0-200:00: attached PHY driver (mii_bus:phy_addr=r8169-0-200:00, irq=MAC)
[    7.400243] NET: Registered PF_QIPCRTR protocol family
[    7.411056] r8169 0000:02:00.0 enp2s0: Link is Down
[    7.447006] NVRM: loading NVIDIA UNIX x86_64 Kernel Module  470.256.02  Thu May  2 14:37:44 UTC 2024
[    7.510890] nvidia_uvm: module uses symbols nvUvmInterfaceDisableAccessCntr from proprietary module nvidia, inheriting taint.
[    7.563233] nvidia-uvm: Loaded the UVM driver, major device number 237.
[    7.601832] nvidia-modeset: Loading NVIDIA Kernel Mode Setting Driver for UNIX platforms  470.256.02  Thu May  2 14:50:40 UTC 2024
[    7.607924] [drm] [nvidia-drm] [GPU ID 0x00000100] Loading driver
[    7.607931] [drm] Initialized nvidia-drm 0.0.0 20160202 for 0000:01:00.0 on minor 0
[    8.942226] r8169 0000:02:00.0 enp2s0: Link is Up - 100Mbps/Full - flow control rx/tx
[   10.362006] resource: resource sanity check: requesting [mem 0x00000000000c0000-0x00000000000fffff], which spans more than PCI Bus 0000:00 [mem 0x000d0000-0x000dffff window]
[   10.362020] caller _nv000720rm+0x1ad/0x200 [nvidia] mapping multiple BARs
[   21.261911] logitech-hidpp-device 0003:046D:4090.0004: HID++ 4.5 device connected.
[  555.333818] vhci_hcd vhci_hcd.0: USB/IP Virtual Host Controller
[  555.334761] vhci_hcd vhci_hcd.0: new USB bus registered, assigned bus number 6
[  555.334773] vhci_hcd: vhci_start:1234: created sysfs vhci_hcd.0
[  555.334828] usb usb6: New USB device found, idVendor=1d6b, idProduct=0002, bcdDevice= 6.06
[  555.334831] usb usb6: New USB device strings: Mfr=3, Product=2, SerialNumber=1
[  555.334833] usb usb6: Product: USB/IP Virtual Host Controller
[  555.334835] usb usb6: Manufacturer: Linux 6.6.51-1.red80.x86_64 vhci_hcd
[  555.334836] usb usb6: SerialNumber: vhci_hcd.0
[  555.335010] hub 6-0:1.0: USB hub found
[  555.335020] hub 6-0:1.0: 2 ports detected
[  555.335638] usb usb6: vhci_bus_suspend
[ 1452.210911] vhci_hcd vhci_hcd.0: pdev(0) rhport(0) sockfd(3)
[ 1452.210921] vhci_hcd vhci_hcd.0: devid(327683) speed(2) speed_str(full-speed)
[ 1452.210934] vhci_hcd vhci_hcd.0: Device attached
[ 1452.211385] usb usb6: vhci_bus_resume
[ 1452.376053] vhci_hcd: vhci_hub_control:486: vhci_device speed not set
[ 1452.428049] usb 6-1: new full-speed USB device number 2 using vhci_hcd
[ 1452.428059] ---- Start 0, (to dev) ----
[ 1452.428063] urb.pipe                        80000080
[ 1452.428065] urb.stream_id                   00000000
[ 1452.428067] urb.status                      ffffff8d
[ 1452.428068] urb.transfer_flags              00000200
[ 1452.428069] urb.transfer_buffer_length      00000040
[ 1452.428071] urb.transfer_buffer   00000000: 00 00 00 00 00 00 00 00 00 00 00 00 00 00 00 00
[ 1452.428073] urb.transfer_buffer   00000010: 00 00 00 00 00 00 00 00 00 00 00 00 00 00 00 00
[ 1452.428075] urb.transfer_buffer   00000020: 00 00 00 00 00 00 00 00 00 00 00 00 00 00 00 00
[ 1452.428077] urb.transfer_buffer   00000030: 00 00 00 00 00 00 00 00 00 00 00 00 00 00 00 00
[ 1452.428078] urb.actual_length               00000000
[ 1452.428080] urb.setup_packet                80 06 00 01 00 00 40 00
[ 1452.428081] urb.start_frame                 00000000
[ 1452.428083] urb.number_of_packets           00000000
[ 1452.428084] urb.interval                    00000000
[ 1452.428086] urb.error_count                 00000000
[ 1452.428087] urb.num_mapped_sgs              00000000
[ 1452.428088] urb.num_sgs                     00000000
[ 1452.428090] ---- Stop 0 ----
[ 1452.433992] ---- Start 1, (from dev) ----
[ 1452.434000] urb.pipe                        80000080
[ 1452.434003] urb.stream_id                   00000000
[ 1452.434005] urb.status                      00000000
[ 1452.434006] urb.transfer_flags              00000200
[ 1452.434008] urb.transfer_buffer_length      00000040
[ 1452.434010] urb.transfer_buffer   00000000: 12 01 00 02 00 00 00 40 00 00 00 00 00 00 00 00
[ 1452.434012] urb.transfer_buffer   00000010: 00 00 00 00 00 00 00 00 00 00 00 00 00 00 00 00
[ 1452.434014] urb.transfer_buffer   00000020: 00 00 00 00 00 00 00 00 00 00 00 00 00 00 00 00
[ 1452.434016] urb.transfer_buffer   00000030: 00 00 00 00 00 00 00 00 00 00 00 00 00 00 00 00
[ 1452.434017] urb.actual_length               00000008
[ 1452.434019] urb.setup_packet                80 06 00 01 00 00 40 00
[ 1452.434020] urb.start_frame                 00000000
[ 1452.434022] urb.number_of_packets           00000000
[ 1452.434023] urb.interval                    00000000
[ 1452.434025] urb.error_count                 00000000
[ 1452.434026] urb.num_mapped_sgs              00000000
[ 1452.434028] urb.num_sgs                     00000000
[ 1452.434029] ---- Stop 1 ----
[ 1452.496051] vhci_hcd: vhci_hub_control:486: vhci_device speed not set
[ 1452.548050] usb 6-1: SetAddress Request (2) to port 0
[ 1452.560049] ---- Start 2, (to dev) ----
[ 1452.560052] urb.pipe                        80000280
[ 1452.560055] urb.stream_id                   00000000
[ 1452.560056] urb.status                      ffffff8d
[ 1452.560058] urb.transfer_flags              00000200
[ 1452.560059] urb.transfer_buffer_length      00000012
[ 1452.560061] urb.transfer_buffer   00000000: 00 00 00 00 00 00 00 00 00 00 00 00 00 00 00 00
[ 1452.560063] urb.transfer_buffer   00000010: 00 00
[ 1452.560064] urb.actual_length               00000000
[ 1452.560066] urb.setup_packet                80 06 00 01 00 00 12 00
[ 1452.560067] urb.start_frame                 00000000
[ 1452.560069] urb.number_of_packets           00000000
[ 1452.560070] urb.interval                    00000000
[ 1452.560072] urb.error_count                 00000000
[ 1452.560073] urb.num_mapped_sgs              00000000
[ 1452.560074] urb.num_sgs                     00000000
[ 1452.560076] ---- Stop 2 ----
[ 1452.566019] ---- Start 3, (from dev) ----
[ 1452.566024] urb.pipe                        80000280
[ 1452.566027] urb.stream_id                   00000000
[ 1452.566028] urb.status                      00000000
[ 1452.566030] urb.transfer_flags              00000200
[ 1452.566032] urb.transfer_buffer_length      00000012
[ 1452.566033] urb.transfer_buffer   00000000: 12 01 00 02 00 00 00 40 dc 24 01 01 14 25 01 02
[ 1452.566035] urb.transfer_buffer   00000010: 03 01
[ 1452.566038] urb.actual_length               00000012
[ 1452.566039] urb.setup_packet                80 06 00 01 00 00 12 00
[ 1452.566041] urb.start_frame                 00000000
[ 1452.566042] urb.number_of_packets           00000000
[ 1452.566044] urb.interval                    00000000
[ 1452.566045] urb.error_count                 00000000
[ 1452.566047] urb.num_mapped_sgs              00000000
[ 1452.566048] urb.num_sgs                     00000000
[ 1452.566050] ---- Stop 3 ----
[ 1452.566075] ---- Start 4, (to dev) ----
[ 1452.566079] urb.pipe                        80000280
[ 1452.566081] urb.stream_id                   00000000
[ 1452.566083] urb.status                      ffffff8d
[ 1452.566084] urb.transfer_flags              00000200
[ 1452.566086] urb.transfer_buffer_length      0000000a
[ 1452.566087] urb.transfer_buffer   00000000: 00 00 00 00 00 00 00 00 00 00
[ 1452.566089] urb.actual_length               00000000
[ 1452.566091] urb.setup_packet                80 06 00 06 00 00 0a 00
[ 1452.566092] urb.start_frame                 00000000
[ 1452.566093] urb.number_of_packets           00000000
[ 1452.566095] urb.interval                    00000000
[ 1452.566096] urb.error_count                 00000000
[ 1452.566098] urb.num_mapped_sgs              00000000
[ 1452.566099] urb.num_sgs                     00000000
[ 1452.566100] ---- Stop 4 ----
[ 1452.572076] ---- Start 5, (from dev) ----
[ 1452.572080] urb.pipe                        80000280
[ 1452.572082] urb.stream_id                   00000000
[ 1452.572083] urb.status                      ffffffe0
[ 1452.572085] urb.transfer_flags              00000200
[ 1452.572086] urb.transfer_buffer_length      0000000a
[ 1452.572088] urb.transfer_buffer   00000000: 00 00 00 00 00 00 00 00 00 00
[ 1452.572090] urb.actual_length               00000000
[ 1452.572092] urb.setup_packet                80 06 00 06 00 00 0a 00
[ 1452.572093] urb.start_frame                 00000000
[ 1452.572095] urb.number_of_packets           00000000
[ 1452.572096] urb.interval                    00000000
[ 1452.572098] urb.error_count                 00000000
[ 1452.572099] urb.num_mapped_sgs              00000000
[ 1452.572101] urb.num_sgs                     00000000
[ 1452.572102] ---- Stop 5 ----
[ 1452.572113] ---- Start 6, (to dev) ----
[ 1452.572118] urb.pipe                        80000280
[ 1452.572120] urb.stream_id                   00000000
[ 1452.572121] urb.status                      ffffff8d
[ 1452.572123] urb.transfer_flags              00000200
[ 1452.572124] urb.transfer_buffer_length      0000000a
[ 1452.572126] urb.transfer_buffer   00000000: 00 00 00 00 00 00 00 00 00 00
[ 1452.572128] urb.actual_length               00000000
[ 1452.572129] urb.setup_packet                80 06 00 06 00 00 0a 00
[ 1452.572130] urb.start_frame                 00000000
[ 1452.572132] urb.number_of_packets           00000000
[ 1452.572133] urb.interval                    00000000
[ 1452.572135] urb.error_count                 00000000
[ 1452.572136] urb.num_mapped_sgs              00000000
[ 1452.572137] urb.num_sgs                     00000000
[ 1452.572139] ---- Stop 6 ----
[ 1452.575111] ---- Start 7, (from dev) ----
[ 1452.575115] urb.pipe                        80000280
[ 1452.575117] urb.stream_id                   00000000
[ 1452.575119] urb.status                      ffffffe0
[ 1452.575121] urb.transfer_flags              00000200
[ 1452.575122] urb.transfer_buffer_length      0000000a
[ 1452.575124] urb.transfer_buffer   00000000: 00 00 00 00 00 00 00 00 00 00
[ 1452.575126] urb.actual_length               00000000
[ 1452.575127] urb.setup_packet                80 06 00 06 00 00 0a 00
[ 1452.575129] urb.start_frame                 00000000
[ 1452.575130] urb.number_of_packets           00000000
[ 1452.575132] urb.interval                    00000000
[ 1452.575133] urb.error_count                 00000000
[ 1452.575135] urb.num_mapped_sgs              00000000
[ 1452.575141] urb.num_sgs                     00000000
[ 1452.575142] ---- Stop 7 ----
[ 1452.575156] ---- Start 8, (to dev) ----
[ 1452.575160] urb.pipe                        80000280
[ 1452.575162] urb.stream_id                   00000000
[ 1452.575163] urb.status                      ffffff8d
[ 1452.575165] urb.transfer_flags              00000200
[ 1452.575166] urb.transfer_buffer_length      0000000a
[ 1452.575168] urb.transfer_buffer   00000000: 00 00 00 00 00 00 00 00 00 00
[ 1452.575170] urb.actual_length               00000000
[ 1452.575171] urb.setup_packet                80 06 00 06 00 00 0a 00
[ 1452.575172] urb.start_frame                 00000000
[ 1452.575174] urb.number_of_packets           00000000
[ 1452.575175] urb.interval                    00000000
[ 1452.575177] urb.error_count                 00000000
[ 1452.575178] urb.num_mapped_sgs              00000000
[ 1452.575179] urb.num_sgs                     00000000
[ 1452.575181] ---- Stop 8 ----
[ 1452.581965] ---- Start 9, (from dev) ----
[ 1452.581969] urb.pipe                        80000280
[ 1452.581971] urb.stream_id                   00000000
[ 1452.581973] urb.status                      ffffffe0
[ 1452.581974] urb.transfer_flags              00000200
[ 1452.581976] urb.transfer_buffer_length      0000000a
[ 1452.581977] urb.transfer_buffer   00000000: 00 00 00 00 00 00 00 00 00 00
[ 1452.581980] urb.actual_length               00000000
[ 1452.581981] urb.setup_packet                80 06 00 06 00 00 0a 00
[ 1452.581983] urb.start_frame                 00000000
[ 1452.581984] urb.number_of_packets           00000000
[ 1452.581986] urb.interval                    00000000
[ 1452.581987] urb.error_count                 00000000
[ 1452.581988] urb.num_mapped_sgs              00000000
[ 1452.581990] urb.num_sgs                     00000000
[ 1452.581991] ---- Stop 9 ----
[ 1452.582005] ---- Start 10, (to dev) ----
[ 1452.582009] urb.pipe                        80000280
[ 1452.582012] urb.stream_id                   00000000
[ 1452.582013] urb.status                      ffffff8d
[ 1452.582015] urb.transfer_flags              00000200
[ 1452.582016] urb.transfer_buffer_length      00000009
[ 1452.582017] urb.transfer_buffer   00000000: 00 00 00 00 00 00 00 00 00
[ 1452.582019] urb.actual_length               00000000
[ 1452.582021] urb.setup_packet                80 06 00 02 00 00 09 00
[ 1452.582022] urb.start_frame                 00000000
[ 1452.582023] urb.number_of_packets           00000000
[ 1452.582025] urb.interval                    00000000
[ 1452.582026] urb.error_count                 00000000
[ 1452.582028] urb.num_mapped_sgs              00000000
[ 1452.582029] urb.num_sgs                     00000000
[ 1452.582030] ---- Stop 10 ----
[ 1452.585850] ---- Start 11, (from dev) ----
[ 1452.585854] urb.pipe                        80000280
[ 1452.585856] urb.stream_id                   00000000
[ 1452.585858] urb.status                      00000000
[ 1452.585859] urb.transfer_flags              00000200
[ 1452.585861] urb.transfer_buffer_length      00000009
[ 1452.585863] urb.transfer_buffer   00000000: 09 02 5d 00 01 01 04 80 16
[ 1452.585865] urb.actual_length               00000009
[ 1452.585866] urb.setup_packet                80 06 00 02 00 00 09 00
[ 1452.585868] urb.start_frame                 00000000
[ 1452.585869] urb.number_of_packets           00000000
[ 1452.585871] urb.interval                    00000000
[ 1452.585872] urb.error_count                 00000000
[ 1452.585874] urb.num_mapped_sgs              00000000
[ 1452.585875] urb.num_sgs                     00000000
[ 1452.585877] ---- Stop 11 ----
[ 1452.585887] ---- Start 12, (to dev) ----
[ 1452.585892] urb.pipe                        80000280
[ 1452.585894] urb.stream_id                   00000000
[ 1452.585896] urb.status                      ffffff8d
[ 1452.585897] urb.transfer_flags              00000200
[ 1452.585899] urb.transfer_buffer_length      0000005d
[ 1452.585900] urb.transfer_buffer   00000000: 00 00 00 00 00 00 00 00 00 00 00 00 00 00 00 00
[ 1452.585902] urb.transfer_buffer   00000010: 00 00 00 00 00 00 00 00 00 00 00 00 00 00 00 00
[ 1452.585904] urb.transfer_buffer   00000020: 00 00 00 00 00 00 00 00 00 00 00 00 00 00 00 00
[ 1452.585906] urb.transfer_buffer   00000030: 00 00 00 00 00 00 00 00 00 00 00 00 00 00 00 00
[ 1452.585907] urb.transfer_buffer   00000040: 00 00 00 00 00 00 00 00 00 00 00 00 00 00 00 00
[ 1452.585909] urb.transfer_buffer   00000050: 00 00 00 00 00 00 00 00 00 00 00 00 00
[ 1452.585911] urb.actual_length               00000000
[ 1452.585912] urb.setup_packet                80 06 00 02 00 00 5d 00
[ 1452.585913] urb.start_frame                 00000000
[ 1452.585915] urb.number_of_packets           00000000
[ 1452.585916] urb.interval                    00000000
[ 1452.585918] urb.error_count                 00000000
[ 1452.585919] urb.num_mapped_sgs              00000000
[ 1452.585920] urb.num_sgs                     00000000
[ 1452.585922] ---- Stop 12 ----
[ 1452.588959] ---- Start 13, (from dev) ----
[ 1452.588962] urb.pipe                        80000280
[ 1452.588965] urb.stream_id                   00000000
[ 1452.588966] urb.status                      00000000
[ 1452.588968] urb.transfer_flags              00000200
[ 1452.588969] urb.transfer_buffer_length      0000005d
[ 1452.588971] urb.transfer_buffer   00000000: 09 02 5d 00 01 01 04 80 16 09 04 00 00 03 0b 00
[ 1452.588973] urb.transfer_buffer   00000010: 00 05 36 21 10 01 00 02 03 00 00 00 c0 12 00 00
[ 1452.588975] urb.transfer_buffer   00000020: c0 12 00 00 00 67 32 00 00 00 42 0f 00 00 fe 00
[ 1452.588976] urb.transfer_buffer   00000030: 00 00 00 00 00 00 00 00 00 00 30 03 01 00 0f 01
[ 1452.588978] urb.transfer_buffer   00000040: 00 00 00 00 00 00 00 01 07 05 81 02 40 00 00 07
[ 1452.588980] urb.transfer_buffer   00000050: 05 02 02 40 00 00 07 05 83 03 08 00 fe
[ 1452.588982] urb.actual_length               0000005d
[ 1452.588983] urb.setup_packet                80 06 00 02 00 00 5d 00
[ 1452.588985] urb.start_frame                 00000000
[ 1452.588987] urb.number_of_packets           00000000
[ 1452.588988] urb.interval                    00000000
[ 1452.588990] urb.error_count                 00000000
[ 1452.588991] urb.num_mapped_sgs              00000000
[ 1452.588993] urb.num_sgs                     00000000
[ 1452.588994] ---- Stop 13 ----
[ 1452.589010] ---- Start 14, (to dev) ----
[ 1452.589014] urb.pipe                        80000280
[ 1452.589016] urb.stream_id                   00000000
[ 1452.589018] urb.status                      ffffff8d
[ 1452.589019] urb.transfer_flags              00000200
[ 1452.589021] urb.transfer_buffer_length      000000ff
[ 1452.589022] urb.transfer_buffer   00000000: 00 00 00 00 00 00 00 00 00 00 00 00 00 00 00 00
[ 1452.589024] urb.transfer_buffer   00000010: 00 00 00 00 00 00 00 00 00 00 00 00 00 00 00 00
[ 1452.589026] urb.transfer_buffer   00000020: 00 00 00 00 00 00 00 00 00 00 00 00 00 00 00 00
[ 1452.589027] urb.transfer_buffer   00000030: 00 00 00 00 00 00 00 00 00 00 00 00 00 00 00 00
[ 1452.589029] urb.transfer_buffer   00000040: 00 00 00 00 00 00 00 00 00 00 00 00 00 00 00 00
[ 1452.589031] urb.transfer_buffer   00000050: 00 00 00 00 00 00 00 00 00 00 00 00 00 00 00 00
[ 1452.589032] urb.transfer_buffer   00000060: 00 00 00 00 00 00 00 00 00 00 00 00 00 00 00 00
[ 1452.589034] urb.transfer_buffer   00000070: 00 00 00 00 00 00 00 00 00 00 00 00 00 00 00 00
[ 1452.589036] urb.transfer_buffer   00000080: 00 00 00 00 00 00 00 00 00 00 00 00 00 00 00 00
[ 1452.589037] urb.transfer_buffer   00000090: 00 00 00 00 00 00 00 00 00 00 00 00 00 00 00 00
[ 1452.589039] urb.transfer_buffer   000000a0: 00 00 00 00 00 00 00 00 00 00 00 00 00 00 00 00
[ 1452.589041] urb.transfer_buffer   000000b0: 00 00 00 00 00 00 00 00 00 00 00 00 00 00 00 00
[ 1452.589042] urb.transfer_buffer   000000c0: 00 00 00 00 00 00 00 00 00 00 00 00 00 00 00 00
[ 1452.589044] urb.transfer_buffer   000000d0: 00 00 00 00 00 00 00 00 00 00 00 00 00 00 00 00
[ 1452.589046] urb.transfer_buffer   000000e0: 00 00 00 00 00 00 00 00 00 00 00 00 00 00 00 00
[ 1452.589048] urb.transfer_buffer   000000f0: 00 00 00 00 00 00 00 00 00 00 00 00 00 00 00
[ 1452.589049] urb.actual_length               00000000
[ 1452.589055] urb.setup_packet                80 06 00 03 00 00 ff 00
[ 1452.589057] urb.start_frame                 00000000
[ 1452.589058] urb.number_of_packets           00000000
[ 1452.589060] urb.interval                    00000000
[ 1452.589061] urb.error_count                 00000000
[ 1452.589062] urb.num_mapped_sgs              00000000
[ 1452.589064] urb.num_sgs                     00000000
[ 1452.589065] ---- Stop 14 ----
[ 1452.592937] ---- Start 15, (from dev) ----
[ 1452.592940] urb.pipe                        80000280
[ 1452.592942] urb.stream_id                   00000000
[ 1452.592944] urb.status                      00000000
[ 1452.592946] urb.transfer_flags              00000200
[ 1452.592947] urb.transfer_buffer_length      000000ff
[ 1452.592949] urb.transfer_buffer   00000000: 04 03 09 04 00 00 00 00 00 00 00 00 00 00 00 00
[ 1452.592951] urb.transfer_buffer   00000010: 00 00 00 00 00 00 00 00 00 00 00 00 00 00 00 00
[ 1452.592952] urb.transfer_buffer   00000020: 00 00 00 00 00 00 00 00 00 00 00 00 00 00 00 00
[ 1452.592954] urb.transfer_buffer   00000030: 00 00 00 00 00 00 00 00 00 00 00 00 00 00 00 00
[ 1452.592956] urb.transfer_buffer   00000040: 00 00 00 00 00 00 00 00 00 00 00 00 00 00 00 00
[ 1452.592958] urb.transfer_buffer   00000050: 00 00 00 00 00 00 00 00 00 00 00 00 00 00 00 00
[ 1452.592959] urb.transfer_buffer   00000060: 00 00 00 00 00 00 00 00 00 00 00 00 00 00 00 00
[ 1452.592961] urb.transfer_buffer   00000070: 00 00 00 00 00 00 00 00 00 00 00 00 00 00 00 00
[ 1452.592963] urb.transfer_buffer   00000080: 00 00 00 00 00 00 00 00 00 00 00 00 00 00 00 00
[ 1452.592965] urb.transfer_buffer   00000090: 00 00 00 00 00 00 00 00 00 00 00 00 00 00 00 00
[ 1452.592967] urb.transfer_buffer   000000a0: 00 00 00 00 00 00 00 00 00 00 00 00 00 00 00 00
[ 1452.592968] urb.transfer_buffer   000000b0: 00 00 00 00 00 00 00 00 00 00 00 00 00 00 00 00
[ 1452.592970] urb.transfer_buffer   000000c0: 00 00 00 00 00 00 00 00 00 00 00 00 00 00 00 00
[ 1452.592972] urb.transfer_buffer   000000d0: 00 00 00 00 00 00 00 00 00 00 00 00 00 00 00 00
[ 1452.592974] urb.transfer_buffer   000000e0: 00 00 00 00 00 00 00 00 00 00 00 00 00 00 00 00
[ 1452.592975] urb.transfer_buffer   000000f0: 00 00 00 00 00 00 00 00 00 00 00 00 00 00 00
[ 1452.592977] urb.actual_length               00000004
[ 1452.592979] urb.setup_packet                80 06 00 03 00 00 ff 00
[ 1452.592980] urb.start_frame                 00000000
[ 1452.592982] urb.number_of_packets           00000000
[ 1452.592983] urb.interval                    00000000
[ 1452.592985] urb.error_count                 00000000
[ 1452.592987] urb.num_mapped_sgs              00000000
[ 1452.592988] urb.num_sgs                     00000000
[ 1452.592989] ---- Stop 15 ----
[ 1452.593000] ---- Start 16, (to dev) ----
[ 1452.593004] urb.pipe                        80000280
[ 1452.593006] urb.stream_id                   00000000
[ 1452.593008] urb.status                      ffffff8d
[ 1452.593009] urb.transfer_flags              00000200
[ 1452.593011] urb.transfer_buffer_length      000000ff
[ 1452.593012] urb.transfer_buffer   00000000: 04 03 09 04 00 00 00 00 00 00 00 00 00 00 00 00
[ 1452.593014] urb.transfer_buffer   00000010: 00 00 00 00 00 00 00 00 00 00 00 00 00 00 00 00
[ 1452.593016] urb.transfer_buffer   00000020: 00 00 00 00 00 00 00 00 00 00 00 00 00 00 00 00
[ 1452.593018] urb.transfer_buffer   00000030: 00 00 00 00 00 00 00 00 00 00 00 00 00 00 00 00
[ 1452.593019] urb.transfer_buffer   00000040: 00 00 00 00 00 00 00 00 00 00 00 00 00 00 00 00
[ 1452.593021] urb.transfer_buffer   00000050: 00 00 00 00 00 00 00 00 00 00 00 00 00 00 00 00
[ 1452.593022] urb.transfer_buffer   00000060: 00 00 00 00 00 00 00 00 00 00 00 00 00 00 00 00
[ 1452.593024] urb.transfer_buffer   00000070: 00 00 00 00 00 00 00 00 00 00 00 00 00 00 00 00
[ 1452.593026] urb.transfer_buffer   00000080: 00 00 00 00 00 00 00 00 00 00 00 00 00 00 00 00
[ 1452.593027] urb.transfer_buffer   00000090: 00 00 00 00 00 00 00 00 00 00 00 00 00 00 00 00
[ 1452.593034] urb.transfer_buffer   000000a0: 00 00 00 00 00 00 00 00 00 00 00 00 00 00 00 00
[ 1452.593035] urb.transfer_buffer   000000b0: 00 00 00 00 00 00 00 00 00 00 00 00 00 00 00 00
[ 1452.593037] urb.transfer_buffer   000000c0: 00 00 00 00 00 00 00 00 00 00 00 00 00 00 00 00
[ 1452.593038] urb.transfer_buffer   000000d0: 00 00 00 00 00 00 00 00 00 00 00 00 00 00 00 00
[ 1452.593040] urb.transfer_buffer   000000e0: 00 00 00 00 00 00 00 00 00 00 00 00 00 00 00 00
[ 1452.593042] urb.transfer_buffer   000000f0: 00 00 00 00 00 00 00 00 00 00 00 00 00 00 00
[ 1452.593044] urb.actual_length               00000000
[ 1452.593045] urb.setup_packet                80 06 02 03 09 04 ff 00
[ 1452.593047] urb.start_frame                 00000000
[ 1452.593048] urb.number_of_packets           00000000
[ 1452.593050] urb.interval                    00000000
[ 1452.593051] urb.error_count                 00000000
[ 1452.593052] urb.num_mapped_sgs              00000000
[ 1452.593054] urb.num_sgs                     00000000
[ 1452.593055] ---- Stop 16 ----
[ 1452.598832] ---- Start 17, (from dev) ----
[ 1452.598836] urb.pipe                        80000280
[ 1452.598838] urb.stream_id                   00000000
[ 1452.598840] urb.status                      00000000
[ 1452.598842] urb.transfer_flags              00000200
[ 1452.598843] urb.transfer_buffer_length      000000ff
[ 1452.598845] urb.transfer_buffer   00000000: 10 03 4a 00 61 00 43 00 61 00 72 00 74 00 61 00
[ 1452.598846] urb.transfer_buffer   00000010: 00 00 00 00 00 00 00 00 00 00 00 00 00 00 00 00
[ 1452.598848] urb.transfer_buffer   00000020: 00 00 00 00 00 00 00 00 00 00 00 00 00 00 00 00
[ 1452.598850] urb.transfer_buffer   00000030: 00 00 00 00 00 00 00 00 00 00 00 00 00 00 00 00
[ 1452.598852] urb.transfer_buffer   00000040: 00 00 00 00 00 00 00 00 00 00 00 00 00 00 00 00
[ 1452.598853] urb.transfer_buffer   00000050: 00 00 00 00 00 00 00 00 00 00 00 00 00 00 00 00
[ 1452.598855] urb.transfer_buffer   00000060: 00 00 00 00 00 00 00 00 00 00 00 00 00 00 00 00
[ 1452.598857] urb.transfer_buffer   00000070: 00 00 00 00 00 00 00 00 00 00 00 00 00 00 00 00
[ 1452.598859] urb.transfer_buffer   00000080: 00 00 00 00 00 00 00 00 00 00 00 00 00 00 00 00
[ 1452.598861] urb.transfer_buffer   00000090: 00 00 00 00 00 00 00 00 00 00 00 00 00 00 00 00
[ 1452.598862] urb.transfer_buffer   000000a0: 00 00 00 00 00 00 00 00 00 00 00 00 00 00 00 00
[ 1452.598864] urb.transfer_buffer   000000b0: 00 00 00 00 00 00 00 00 00 00 00 00 00 00 00 00
[ 1452.598866] urb.transfer_buffer   000000c0: 00 00 00 00 00 00 00 00 00 00 00 00 00 00 00 00
[ 1452.598867] urb.transfer_buffer   000000d0: 00 00 00 00 00 00 00 00 00 00 00 00 00 00 00 00
[ 1452.598869] urb.transfer_buffer   000000e0: 00 00 00 00 00 00 00 00 00 00 00 00 00 00 00 00
[ 1452.598871] urb.transfer_buffer   000000f0: 00 00 00 00 00 00 00 00 00 00 00 00 00 00 00
[ 1452.598873] urb.actual_length               00000010
[ 1452.598874] urb.setup_packet                80 06 02 03 09 04 ff 00
[ 1452.598876] urb.start_frame                 00000000
[ 1452.598878] urb.number_of_packets           00000000
[ 1452.598879] urb.interval                    00000000
[ 1452.598881] urb.error_count                 00000000
[ 1452.598882] urb.num_mapped_sgs              00000000
[ 1452.598884] urb.num_sgs                     00000000
[ 1452.598885] ---- Stop 17 ----
[ 1452.598896] ---- Start 18, (to dev) ----
[ 1452.598901] urb.pipe                        80000280
[ 1452.598902] urb.stream_id                   00000000
[ 1452.598904] urb.status                      ffffff8d
[ 1452.598905] urb.transfer_flags              00000200
[ 1452.598907] urb.transfer_buffer_length      000000ff
[ 1452.598908] urb.transfer_buffer   00000000: 00 00 00 00 00 00 00 00 00 00 00 00 00 00 00 00
[ 1452.598910] urb.transfer_buffer   00000010: 00 00 00 00 00 00 00 00 00 00 00 00 00 00 00 00
[ 1452.598912] urb.transfer_buffer   00000020: 00 00 00 00 00 00 00 00 00 00 00 00 00 00 00 00
[ 1452.598914] urb.transfer_buffer   00000030: 00 00 00 00 00 00 00 00 00 00 00 00 00 00 00 00
[ 1452.598916] urb.transfer_buffer   00000040: 00 00 00 00 00 00 00 00 00 00 00 00 00 00 00 00
[ 1452.598917] urb.transfer_buffer   00000050: 00 00 00 00 00 00 00 00 00 00 00 00 00 00 00 00
[ 1452.598919] urb.transfer_buffer   00000060: 00 00 00 00 00 00 00 00 00 00 00 00 00 00 00 00
[ 1452.598921] urb.transfer_buffer   00000070: 00 00 00 00 00 00 00 00 00 00 00 00 00 00 00 00
[ 1452.598922] urb.transfer_buffer   00000080: 00 00 00 00 00 00 00 00 00 00 00 00 00 00 00 00
[ 1452.598924] urb.transfer_buffer   00000090: 00 00 00 00 00 00 00 00 00 00 00 00 00 00 00 00
[ 1452.598926] urb.transfer_buffer   000000a0: 00 00 00 00 00 00 00 00 00 00 00 00 00 00 00 00
[ 1452.598930] urb.transfer_buffer   000000b0: 00 00 00 00 00 00 00 00 00 00 00 00 00 00 00 00
[ 1452.598931] urb.transfer_buffer   000000c0: 00 00 00 00 00 00 00 00 00 00 00 00 00 00 00 00
[ 1452.598933] urb.transfer_buffer   000000d0: 00 00 00 00 00 00 00 00 00 00 00 00 00 00 00 00
[ 1452.598935] urb.transfer_buffer   000000e0: 00 00 00 00 00 00 00 00 00 00 00 00 00 00 00 00
[ 1452.598936] urb.transfer_buffer   000000f0: 00 00 00 00 00 00 00 00 00 00 00 00 00 00 00
[ 1452.598938] urb.actual_length               00000000
[ 1452.598939] urb.setup_packet                80 06 01 03 09 04 ff 00
[ 1452.598941] urb.start_frame                 00000000
[ 1452.598942] urb.number_of_packets           00000000
[ 1452.598944] urb.interval                    00000000
[ 1452.598945] urb.error_count                 00000000
[ 1452.598946] urb.num_mapped_sgs              00000000
[ 1452.598948] urb.num_sgs                     00000000
[ 1452.598949] ---- Stop 18 ----
[ 1452.605958] ---- Start 19, (from dev) ----
[ 1452.605962] urb.pipe                        80000280
[ 1452.605964] urb.stream_id                   00000000
[ 1452.605966] urb.status                      00000000
[ 1452.605967] urb.transfer_flags              00000200
[ 1452.605969] urb.transfer_buffer_length      000000ff
[ 1452.605971] urb.transfer_buffer   00000000: 0a 03 41 00 52 00 44 00 53 00 00 00 00 00 00 00
[ 1452.605973] urb.transfer_buffer   00000010: 00 00 00 00 00 00 00 00 00 00 00 00 00 00 00 00
[ 1452.605974] urb.transfer_buffer   00000020: 00 00 00 00 00 00 00 00 00 00 00 00 00 00 00 00
[ 1452.605976] urb.transfer_buffer   00000030: 00 00 00 00 00 00 00 00 00 00 00 00 00 00 00 00
[ 1452.605978] urb.transfer_buffer   00000040: 00 00 00 00 00 00 00 00 00 00 00 00 00 00 00 00
[ 1452.605980] urb.transfer_buffer   00000050: 00 00 00 00 00 00 00 00 00 00 00 00 00 00 00 00
[ 1452.605981] urb.transfer_buffer   00000060: 00 00 00 00 00 00 00 00 00 00 00 00 00 00 00 00
[ 1452.605983] urb.transfer_buffer   00000070: 00 00 00 00 00 00 00 00 00 00 00 00 00 00 00 00
[ 1452.605985] urb.transfer_buffer   00000080: 00 00 00 00 00 00 00 00 00 00 00 00 00 00 00 00
[ 1452.605987] urb.transfer_buffer   00000090: 00 00 00 00 00 00 00 00 00 00 00 00 00 00 00 00
[ 1452.605988] urb.transfer_buffer   000000a0: 00 00 00 00 00 00 00 00 00 00 00 00 00 00 00 00
[ 1452.605990] urb.transfer_buffer   000000b0: 00 00 00 00 00 00 00 00 00 00 00 00 00 00 00 00
[ 1452.605992] urb.transfer_buffer   000000c0: 00 00 00 00 00 00 00 00 00 00 00 00 00 00 00 00
[ 1452.605994] urb.transfer_buffer   000000d0: 00 00 00 00 00 00 00 00 00 00 00 00 00 00 00 00
[ 1452.605995] urb.transfer_buffer   000000e0: 00 00 00 00 00 00 00 00 00 00 00 00 00 00 00 00
[ 1452.605997] urb.transfer_buffer   000000f0: 00 00 00 00 00 00 00 00 00 00 00 00 00 00 00
[ 1452.605999] urb.actual_length               0000000a
[ 1452.606000] urb.setup_packet                80 06 01 03 09 04 ff 00
[ 1452.606002] urb.start_frame                 00000000
[ 1452.606003] urb.number_of_packets           00000000
[ 1452.606005] urb.interval                    00000000
[ 1452.606007] urb.error_count                 00000000
[ 1452.606008] urb.num_mapped_sgs              00000000
[ 1452.606009] urb.num_sgs                     00000000
[ 1452.606011] ---- Stop 19 ----
[ 1452.606023] ---- Start 20, (to dev) ----
[ 1452.606027] urb.pipe                        80000280
[ 1452.606029] urb.stream_id                   00000000
[ 1452.606031] urb.status                      ffffff8d
[ 1452.606032] urb.transfer_flags              00000200
[ 1452.606034] urb.transfer_buffer_length      000000ff
[ 1452.606035] urb.transfer_buffer   00000000: 00 00 00 00 00 00 00 00 00 00 00 00 00 00 00 00
[ 1452.606037] urb.transfer_buffer   00000010: 00 00 00 00 00 00 00 00 00 00 00 00 00 00 00 00
[ 1452.606039] urb.transfer_buffer   00000020: 00 00 00 00 00 00 00 00 00 00 00 00 00 00 00 00
[ 1452.606040] urb.transfer_buffer   00000030: 00 00 00 00 00 00 00 00 00 00 00 00 00 00 00 00
[ 1452.606042] urb.transfer_buffer   00000040: 00 00 00 00 00 00 00 00 00 00 00 00 00 00 00 00
[ 1452.606044] urb.transfer_buffer   00000050: 00 00 00 00 00 00 00 00 00 00 00 00 00 00 00 00
[ 1452.606045] urb.transfer_buffer   00000060: 00 00 00 00 00 00 00 00 00 00 00 00 00 00 00 00
[ 1452.606047] urb.transfer_buffer   00000070: 00 00 00 00 00 00 00 00 00 00 00 00 00 00 00 00
[ 1452.606049] urb.transfer_buffer   00000080: 00 00 00 00 00 00 00 00 00 00 00 00 00 00 00 00
[ 1452.606051] urb.transfer_buffer   00000090: 00 00 00 00 00 00 00 00 00 00 00 00 00 00 00 00
[ 1452.606055] urb.transfer_buffer   000000a0: 00 00 00 00 00 00 00 00 00 00 00 00 00 00 00 00
[ 1452.606056] urb.transfer_buffer   000000b0: 00 00 00 00 00 00 00 00 00 00 00 00 00 00 00 00
[ 1452.606058] urb.transfer_buffer   000000c0: 00 00 00 00 00 00 00 00 00 00 00 00 00 00 00 00
[ 1452.606060] urb.transfer_buffer   000000d0: 00 00 00 00 00 00 00 00 00 00 00 00 00 00 00 00
[ 1452.606062] urb.transfer_buffer   000000e0: 00 00 00 00 00 00 00 00 00 00 00 00 00 00 00 00
[ 1452.606063] urb.transfer_buffer   000000f0: 00 00 00 00 00 00 00 00 00 00 00 00 00 00 00
[ 1452.606065] urb.actual_length               00000000
[ 1452.606066] urb.setup_packet                80 06 03 03 09 04 ff 00
[ 1452.606068] urb.start_frame                 00000000
[ 1452.606069] urb.number_of_packets           00000000
[ 1452.606071] urb.interval                    00000000
[ 1452.606072] urb.error_count                 00000000
[ 1452.606074] urb.num_mapped_sgs              00000000
[ 1452.606075] urb.num_sgs                     00000000
[ 1452.606076] ---- Stop 20 ----
[ 1452.611828] ---- Start 21, (from dev) ----
[ 1452.611832] urb.pipe                        80000280
[ 1452.611834] urb.stream_id                   00000000
[ 1452.611835] urb.status                      00000000
[ 1452.611837] urb.transfer_flags              00000200
[ 1452.611839] urb.transfer_buffer_length      000000ff
